Archive member included to satisfy reference by file (symbol)

/opt/st/stm32cubeide_1.3.0/plugins/com.st.stm32cube.ide.mcu.externaltools.gnu-tools-for-stm32.7-2018-q2-update.linux64_1.0.0.201904181610/tools/bin/../lib/gcc/arm-none-eabi/7.3.1/../../../../arm-none-eabi/lib/thumb/v6-m/libc_nano.a(lib_a-errno.o)
                              Src/syscalls.o (__errno)
/opt/st/stm32cubeide_1.3.0/plugins/com.st.stm32cube.ide.mcu.externaltools.gnu-tools-for-stm32.7-2018-q2-update.linux64_1.0.0.201904181610/tools/bin/../lib/gcc/arm-none-eabi/7.3.1/../../../../arm-none-eabi/lib/thumb/v6-m/libc_nano.a(lib_a-exit.o)
                              /opt/st/stm32cubeide_1.3.0/plugins/com.st.stm32cube.ide.mcu.externaltools.gnu-tools-for-stm32.7-2018-q2-update.linux64_1.0.0.201904181610/tools/bin/../lib/gcc/arm-none-eabi/7.3.1/../../../../arm-none-eabi/lib/thumb/v6-m/crt0.o (exit)
/opt/st/stm32cubeide_1.3.0/plugins/com.st.stm32cube.ide.mcu.externaltools.gnu-tools-for-stm32.7-2018-q2-update.linux64_1.0.0.201904181610/tools/bin/../lib/gcc/arm-none-eabi/7.3.1/../../../../arm-none-eabi/lib/thumb/v6-m/libc_nano.a(lib_a-impure.o)
                              /opt/st/stm32cubeide_1.3.0/plugins/com.st.stm32cube.ide.mcu.externaltools.gnu-tools-for-stm32.7-2018-q2-update.linux64_1.0.0.201904181610/tools/bin/../lib/gcc/arm-none-eabi/7.3.1/../../../../arm-none-eabi/lib/thumb/v6-m/libc_nano.a(lib_a-exit.o) (_global_impure_ptr)
/opt/st/stm32cubeide_1.3.0/plugins/com.st.stm32cube.ide.mcu.externaltools.gnu-tools-for-stm32.7-2018-q2-update.linux64_1.0.0.201904181610/tools/bin/../lib/gcc/arm-none-eabi/7.3.1/../../../../arm-none-eabi/lib/thumb/v6-m/libc_nano.a(lib_a-init.o)
                              /opt/st/stm32cubeide_1.3.0/plugins/com.st.stm32cube.ide.mcu.externaltools.gnu-tools-for-stm32.7-2018-q2-update.linux64_1.0.0.201904181610/tools/bin/../lib/gcc/arm-none-eabi/7.3.1/../../../../arm-none-eabi/lib/thumb/v6-m/crt0.o (__libc_init_array)
/opt/st/stm32cubeide_1.3.0/plugins/com.st.stm32cube.ide.mcu.externaltools.gnu-tools-for-stm32.7-2018-q2-update.linux64_1.0.0.201904181610/tools/bin/../lib/gcc/arm-none-eabi/7.3.1/../../../../arm-none-eabi/lib/thumb/v6-m/libc_nano.a(lib_a-memcpy-stub.o)
                              Src/baca_protocol.o (memcpy)
/opt/st/stm32cubeide_1.3.0/plugins/com.st.stm32cube.ide.mcu.externaltools.gnu-tools-for-stm32.7-2018-q2-update.linux64_1.0.0.201904181610/tools/bin/../lib/gcc/arm-none-eabi/7.3.1/../../../../arm-none-eabi/lib/thumb/v6-m/libc_nano.a(lib_a-memset.o)
                              /opt/st/stm32cubeide_1.3.0/plugins/com.st.stm32cube.ide.mcu.externaltools.gnu-tools-for-stm32.7-2018-q2-update.linux64_1.0.0.201904181610/tools/bin/../lib/gcc/arm-none-eabi/7.3.1/../../../../arm-none-eabi/lib/thumb/v6-m/crt0.o (memset)
/opt/st/stm32cubeide_1.3.0/plugins/com.st.stm32cube.ide.mcu.externaltools.gnu-tools-for-stm32.7-2018-q2-update.linux64_1.0.0.201904181610/tools/bin/../lib/gcc/arm-none-eabi/7.3.1/thumb/v6-m/libgcc.a(_udivsi3.o)
                              Drivers/STM32F0xx_HAL_Driver/Src/stm32f0xx_hal.o (__aeabi_uidiv)
/opt/st/stm32cubeide_1.3.0/plugins/com.st.stm32cube.ide.mcu.externaltools.gnu-tools-for-stm32.7-2018-q2-update.linux64_1.0.0.201904181610/tools/bin/../lib/gcc/arm-none-eabi/7.3.1/thumb/v6-m/libgcc.a(_dvmd_tls.o)
                              /opt/st/stm32cubeide_1.3.0/plugins/com.st.stm32cube.ide.mcu.externaltools.gnu-tools-for-stm32.7-2018-q2-update.linux64_1.0.0.201904181610/tools/bin/../lib/gcc/arm-none-eabi/7.3.1/thumb/v6-m/libgcc.a(_udivsi3.o) (__aeabi_idiv0)

Allocating common symbols
Common symbol       size              file

hUsbDeviceFS        0x224             Src/usb_device.o
enable_global       0x1               Src/main.o
uv_led_ports        0x20              Src/main.o
uv_led_periods_ms   0x8               Src/main.o
uwTick              0x4               Drivers/STM32F0xx_HAL_Driver/Src/stm32f0xx_hal.o
pFlash              0x20              Drivers/STM32F0xx_HAL_Driver/Src/stm32f0xx_hal_flash.o
UserRxBufferFS      0x200             Src/usbd_cdc_if.o
htim3               0x40              Src/main.o
uv_led_pins         0x10              Src/main.o
UserTxBufferFS      0x200             Src/usbd_cdc_if.o
uv_led_enabled      0x8               Src/main.o
htim1               0x40              Src/stm32f0xx_hal_timebase_tim.o
uv_led_counter      0x10              Src/main.o
hpcd_USB_FS         0x220             Src/usbd_conf.o
USBD_StrDesc        0x200             Src/usbd_desc.o

Discarded input sections

 .text          0x0000000000000000        0x0 /opt/st/stm32cubeide_1.3.0/plugins/com.st.stm32cube.ide.mcu.externaltools.gnu-tools-for-stm32.7-2018-q2-update.linux64_1.0.0.201904181610/tools/bin/../lib/gcc/arm-none-eabi/7.3.1/thumb/v6-m/crti.o
 .data          0x0000000000000000        0x0 /opt/st/stm32cubeide_1.3.0/plugins/com.st.stm32cube.ide.mcu.externaltools.gnu-tools-for-stm32.7-2018-q2-update.linux64_1.0.0.201904181610/tools/bin/../lib/gcc/arm-none-eabi/7.3.1/thumb/v6-m/crti.o
[...]
Memory Configuration

Name             Origin             Length             Attributes
FLASH            0x0000000008000000 0x0000000000008000 xr
RAM              0x0000000020000000 0x0000000000001800 xrw
*default*        0x0000000000000000 0xffffffffffffffff

Linker script and memory map

LOAD /opt/st/stm32cubeide_1.3.0/plugins/com.st.stm32cube.ide.mcu.externaltools.gnu-tools-for-stm32.7-2018-q2-update.linux64_1.0.0.201904181610/tools/bin/../lib/gcc/arm-none-eabi/7.3.1/thumb/v6-m/crti.o
LOAD /opt/st/stm32cubeide_1.3.0/plugins/com.st.stm32cube.ide.mcu.externaltools.gnu-tools-for-stm32.7-2018-q2-update.linux64_1.0.0.201904181610/tools/bin/../lib/gcc/arm-none-eabi/7.3.1/thumb/v6-m/crtbegin.o
LOAD /opt/st/stm32cubeide_1.3.0/plugins/com.st.stm32cube.ide.mcu.externaltools.gnu-tools-for-stm32.7-2018-q2-update.linux64_1.0.0.201904181610/tools/bin/../lib/gcc/arm-none-eabi/7.3.1/../../../../arm-none-eabi/lib/thumb/v6-m/crt0.o
LOAD Drivers/STM32F0xx_HAL_Driver/Src/stm32f0xx_hal.o
LOAD Drivers/STM32F0xx_HAL_Driver/Src/stm32f0xx_hal_cortex.o
LOAD Drivers/STM32F0xx_HAL_Driver/Src/stm32f0xx_hal_dma.o
LOAD Drivers/STM32F0xx_HAL_Driver/Src/stm32f0xx_hal_flash.o
LOAD Drivers/STM32F0xx_HAL_Driver/Src/stm32f0xx_hal_flash_ex.o
LOAD Drivers/STM32F0xx_HAL_Driver/Src/stm32f0xx_hal_gpio.o
LOAD Drivers/STM32F0xx_HAL_Driver/Src/stm32f0xx_hal_i2c.o
LOAD Drivers/STM32F0xx_HAL_Driver/Src/stm32f0xx_hal_i2c_ex.o
LOAD Drivers/STM32F0xx_HAL_Driver/Src/stm32f0xx_hal_pcd.o
LOAD Drivers/STM32F0xx_HAL_Driver/Src/stm32f0xx_hal_pcd_ex.o
LOAD Drivers/STM32F0xx_HAL_Driver/Src/stm32f0xx_hal_pwr.o
LOAD Drivers/STM32F0xx_HAL_Driver/Src/stm32f0xx_hal_pwr_ex.o
LOAD Drivers/STM32F0xx_HAL_Driver/Src/stm32f0xx_hal_rcc.o
LOAD Drivers/STM32F0xx_HAL_Driver/Src/stm32f0xx_hal_rcc_ex.o
LOAD Drivers/STM32F0xx_HAL_Driver/Src/stm32f0xx_hal_tim.o
LOAD Drivers/STM32F0xx_HAL_Driver/Src/stm32f0xx_hal_tim_ex.o
LOAD Middlewares/ST/STM32_USB_Device_Library/Class/CDC/Src/usbd_cdc.o
LOAD Middlewares/ST/STM32_USB_Device_Library/Core/Src/usbd_core.o
LOAD Middlewares/ST/STM32_USB_Device_Library/Core/Src/usbd_ctlreq.o
LOAD Middlewares/ST/STM32_USB_Device_Library/Core/Src/usbd_ioreq.o
LOAD Src/MY_FLASH.o
LOAD Src/baca_protocol.o
LOAD Src/main.o
LOAD Src/stm32f0xx_hal_msp.o
LOAD Src/stm32f0xx_hal_timebase_tim.o
LOAD Src/stm32f0xx_it.o
LOAD Src/syscalls.o
LOAD Src/sysmem.o
LOAD Src/system_stm32f0xx.o
LOAD Src/usb_device.o
LOAD Src/usbd_cdc_if.o
LOAD Src/usbd_conf.o
LOAD Src/usbd_desc.o
LOAD Src/uv_led_driver.o
LOAD Startup/startup_stm32f042k6tx.o
START GROUP
LOAD /opt/st/stm32cubeide_1.3.0/plugins/com.st.stm32cube.ide.mcu.externaltools.gnu-tools-for-stm32.7-2018-q2-update.linux64_1.0.0.201904181610/tools/bin/../lib/gcc/arm-none-eabi/7.3.1/../../../../arm-none-eabi/lib/thumb/v6-m/libc_nano.a
LOAD /opt/st/stm32cubeide_1.3.0/plugins/com.st.stm32cube.ide.mcu.externaltools.gnu-tools-for-stm32.7-2018-q2-update.linux64_1.0.0.201904181610/tools/bin/../lib/gcc/arm-none-eabi/7.3.1/../../../../arm-none-eabi/lib/thumb/v6-m/libm.a
END GROUP
START GROUP
LOAD /opt/st/stm32cubeide_1.3.0/plugins/com.st.stm32cube.ide.mcu.externaltools.gnu-tools-for-stm32.7-2018-q2-update.linux64_1.0.0.201904181610/tools/bin/../lib/gcc/arm-none-eabi/7.3.1/thumb/v6-m/libgcc.a
LOAD /opt/st/stm32cubeide_1.3.0/plugins/com.st.stm32cube.ide.mcu.externaltools.gnu-tools-for-stm32.7-2018-q2-update.linux64_1.0.0.201904181610/tools/bin/../lib/gcc/arm-none-eabi/7.3.1/../../../../arm-none-eabi/lib/thumb/v6-m/libc_nano.a
END GROUP
START GROUP
LOAD /opt/st/stm32cubeide_1.3.0/plugins/com.st.stm32cube.ide.mcu.externaltools.gnu-tools-for-stm32.7-2018-q2-update.linux64_1.0.0.201904181610/tools/bin/../lib/gcc/arm-none-eabi/7.3.1/thumb/v6-m/libgcc.a
LOAD /opt/st/stm32cubeide_1.3.0/plugins/com.st.stm32cube.ide.mcu.externaltools.gnu-tools-for-stm32.7-2018-q2-update.linux64_1.0.0.201904181610/tools/bin/../lib/gcc/arm-none-eabi/7.3.1/../../../../arm-none-eabi/lib/thumb/v6-m/libc_nano.a
LOAD /opt/st/stm32cubeide_1.3.0/plugins/com.st.stm32cube.ide.mcu.externaltools.gnu-tools-for-stm32.7-2018-q2-update.linux64_1.0.0.201904181610/tools/bin/../lib/gcc/arm-none-eabi/7.3.1/../../../../arm-none-eabi/lib/thumb/v6-m/libnosys.a
END GROUP
START GROUP
LOAD /opt/st/stm32cubeide_1.3.0/plugins/com.st.stm32cube.ide.mcu.externaltools.gnu-tools-for-stm32.7-2018-q2-update.linux64_1.0.0.201904181610/tools/bin/../lib/gcc/arm-none-eabi/7.3.1/thumb/v6-m/libgcc.a
LOAD /opt/st/stm32cubeide_1.3.0/plugins/com.st.stm32cube.ide.mcu.externaltools.gnu-tools-for-stm32.7-2018-q2-update.linux64_1.0.0.201904181610/tools/bin/../lib/gcc/arm-none-eabi/7.3.1/../../../../arm-none-eabi/lib/thumb/v6-m/libc_nano.a
LOAD /opt/st/stm32cubeide_1.3.0/plugins/com.st.stm32cube.ide.mcu.externaltools.gnu-tools-for-stm32.7-2018-q2-update.linux64_1.0.0.201904181610/tools/bin/../lib/gcc/arm-none-eabi/7.3.1/../../../../arm-none-eabi/lib/thumb/v6-m/libnosys.a
END GROUP
LOAD /opt/st/stm32cubeide_1.3.0/plugins/com.st.stm32cube.ide.mcu.externaltools.gnu-tools-for-stm32.7-2018-q2-update.linux64_1.0.0.201904181610/tools/bin/../lib/gcc/arm-none-eabi/7.3.1/thumb/v6-m/crtend.o
LOAD /opt/st/stm32cubeide_1.3.0/plugins/com.st.stm32cube.ide.mcu.externaltools.gnu-tools-for-stm32.7-2018-q2-update.linux64_1.0.0.201904181610/tools/bin/../lib/gcc/arm-none-eabi/7.3.1/thumb/v6-m/crtn.o
                0x00000000200017ff                _estack = 0x200017ff
                0x0000000000000200                _Min_Heap_Size = 0x200
                0x0000000000000400                _Min_Stack_Size = 0x400

.isr_vector     0x0000000008000000       0xc0
                0x0000000008000000                . = ALIGN (0x4)
 *(.isr_vector)
 .isr_vector    0x0000000008000000       0xc0 Startup/startup_stm32f042k6tx.o
                0x0000000008000000                g_pfnVectors
                0x00000000080000c0                . = ALIGN (0x4)

.text           0x00000000080000c0     0x6b2c
                0x00000000080000c0                . = ALIGN (0x4)
 *(.text)
 .text          0x00000000080000c0       0x48 /opt/st/stm32cubeide_1.3.0/plugins/com.st.stm32cube.ide.mcu.externaltools.gnu-tools-for-stm32.7-2018-q2-update.linux64_1.0.0.201904181610/tools/bin/../lib/gcc/arm-none-eabi/7.3.1/thumb/v6-m/crtbegin.o
 .text          0x0000000008000108      0x114 /opt/st/stm32cubeide_1.3.0/plugins/com.st.stm32cube.ide.mcu.externaltools.gnu-tools-for-stm32.7-2018-q2-update.linux64_1.0.0.201904181610/tools/bin/../lib/gcc/arm-none-eabi/7.3.1/thumb/v6-m/libgcc.a(_udivsi3.o)
                0x0000000008000108                __udivsi3
                0x0000000008000108                __aeabi_uidiv
                0x0000000008000214                __aeabi_uidivmod
 .text          0x000000000800021c        0x4 /opt/st/stm32cubeide_1.3.0/plugins/com.st.stm32cube.ide.mcu.externaltools.gnu-tools-for-stm32.7-2018-q2-update.linux64_1.0.0.201904181610/tools/bin/../lib/gcc/arm-none-eabi/7.3.1/thumb/v6-m/libgcc.a(_dvmd_tls.o)
                0x000000000800021c                __aeabi_ldiv0
                0x000000000800021c                __aeabi_idiv0
 *(.text*)
 .text.HAL_Init
                0x0000000008000220       0x28 Drivers/STM32F0xx_HAL_Driver/Src/stm32f0xx_hal.o
                0x0000000008000220                HAL_Init
 .text.HAL_IncTick
                0x0000000008000248       0x18 Drivers/STM32F0xx_HAL_Driver/Src/stm32f0xx_hal.o
                0x0000000008000248                HAL_IncTick
 .text.HAL_GetTick
                0x0000000008000260       0x14 Drivers/STM32F0xx_HAL_Driver/Src/stm32f0xx_hal.o
                0x0000000008000260                HAL_GetTick
 .text.HAL_Delay
                0x0000000008000274       0x3a Drivers/STM32F0xx_HAL_Driver/Src/stm32f0xx_hal.o
                0x0000000008000274                HAL_Delay
 *fill*         0x00000000080002ae        0x2 
 .text.NVIC_EnableIRQ
                0x00000000080002b0       0x2c Drivers/STM32F0xx_HAL_Driver/Src/stm32f0xx_hal_cortex.o
 .text.NVIC_SetPriority
                0x00000000080002dc       0xdc Drivers/STM32F0xx_HAL_Driver/Src/stm32f0xx_hal_cortex.o
 .text.HAL_NVIC_SetPriority
                0x00000000080003b8       0x2a Drivers/STM32F0xx_HAL_Driver/Src/stm32f0xx_hal_cortex.o
                0x00000000080003b8                HAL_NVIC_SetPriority
 .text.HAL_NVIC_EnableIRQ
                0x00000000080003e2       0x20 Drivers/STM32F0xx_HAL_Driver/Src/stm32f0xx_hal_cortex.o
                0x00000000080003e2                HAL_NVIC_EnableIRQ
 *fill*         0x0000000008000402        0x2 
 .text.HAL_FLASH_Program
                0x0000000008000404      0x12c Drivers/STM32F0xx_HAL_Driver/Src/stm32f0xx_hal_flash.o
                0x0000000008000404                HAL_FLASH_Program
 .text.HAL_FLASH_Unlock
                0x0000000008000530       0x4c Drivers/STM32F0xx_HAL_Driver/Src/stm32f0xx_hal_flash.o
                0x0000000008000530                HAL_FLASH_Unlock
 .text.HAL_FLASH_Lock
                0x000000000800057c       0x1c Drivers/STM32F0xx_HAL_Driver/Src/stm32f0xx_hal_flash.o
                0x000000000800057c                HAL_FLASH_Lock
 .text.FLASH_Program_HalfWord
                0x0000000008000598       0x38 Drivers/STM32F0xx_HAL_Driver/Src/stm32f0xx_hal_flash.o
 .text.FLASH_WaitForLastOperation
                0x00000000080005d0       0x80 Drivers/STM32F0xx_HAL_Driver/Src/stm32f0xx_hal_flash.o
                0x00000000080005d0                FLASH_WaitForLastOperation
 .text.FLASH_SetErrorCode
                0x0000000008000650       0x60 Drivers/STM32F0xx_HAL_Driver/Src/stm32f0xx_hal_flash.o
 .text.HAL_FLASHEx_Erase
                0x00000000080006b0       0xec Drivers/STM32F0xx_HAL_Driver/Src/stm32f0xx_hal_flash_ex.o
                0x00000000080006b0                HAL_FLASHEx_Erase
 .text.FLASH_MassErase
                0x000000000800079c       0x30 Drivers/STM32F0xx_HAL_Driver/Src/stm32f0xx_hal_flash_ex.o
 .text.FLASH_PageErase
                0x00000000080007cc       0x3c Drivers/STM32F0xx_HAL_Driver/Src/stm32f0xx_hal_flash_ex.o
                0x00000000080007cc                FLASH_PageErase
 .text.HAL_GPIO_Init
                0x0000000008000808      0x2d8 Drivers/STM32F0xx_HAL_Driver/Src/stm32f0xx_hal_gpio.o
                0x0000000008000808                HAL_GPIO_Init
 .text.HAL_GPIO_ReadPin
                0x0000000008000ae0       0x3a Drivers/STM32F0xx_HAL_Driver/Src/stm32f0xx_hal_gpio.o
                0x0000000008000ae0                HAL_GPIO_ReadPin
 .text.HAL_GPIO_WritePin
                0x0000000008000b1a       0x3a Drivers/STM32F0xx_HAL_Driver/Src/stm32f0xx_hal_gpio.o
                0x0000000008000b1a                HAL_GPIO_WritePin
 .text.HAL_PCD_Init
                0x0000000008000b54      0x1e0 Drivers/STM32F0xx_HAL_Driver/Src/stm32f0xx_hal_pcd.o
                0x0000000008000b54                HAL_PCD_Init
 .text.HAL_PCD_Start
                0x0000000008000d34       0x30 Drivers/STM32F0xx_HAL_Driver/Src/stm32f0xx_hal_pcd.o
                0x0000000008000d34                HAL_PCD_Start
 .text.HAL_PCD_IRQHandler
                0x0000000008000d64      0x250 Drivers/STM32F0xx_HAL_Driver/Src/stm32f0xx_hal_pcd.o
                0x0000000008000d64                HAL_PCD_IRQHandler
 .text.HAL_PCD_SetAddress
                0x0000000008000fb4       0x5a Drivers/STM32F0xx_HAL_Driver/Src/stm32f0xx_hal_pcd.o
                0x0000000008000fb4                HAL_PCD_SetAddress
 *fill*         0x000000000800100e        0x2 
 .text.HAL_PCD_EP_Open
                0x0000000008001010      0x704 Drivers/STM32F0xx_HAL_Driver/Src/stm32f0xx_hal_pcd.o
                0x0000000008001010                HAL_PCD_EP_Open
 .text.HAL_PCD_EP_Close
                0x0000000008001714      0x3d4 Drivers/STM32F0xx_HAL_Driver/Src/stm32f0xx_hal_pcd.o
                0x0000000008001714                HAL_PCD_EP_Close
 .text.HAL_PCD_EP_Receive
                0x0000000008001ae8      0x2f8 Drivers/STM32F0xx_HAL_Driver/Src/stm32f0xx_hal_pcd.o
                0x0000000008001ae8                HAL_PCD_EP_Receive
 .text.HAL_PCD_EP_GetRxCount
                0x0000000008001de0       0x34 Drivers/STM32F0xx_HAL_Driver/Src/stm32f0xx_hal_pcd.o
                0x0000000008001de0                HAL_PCD_EP_GetRxCount
 .text.HAL_PCD_EP_Transmit
                0x0000000008001e14      0x368 Drivers/STM32F0xx_HAL_Driver/Src/stm32f0xx_hal_pcd.o
                0x0000000008001e14                HAL_PCD_EP_Transmit
 .text.HAL_PCD_EP_SetStall
                0x000000000800217c      0x164 Drivers/STM32F0xx_HAL_Driver/Src/stm32f0xx_hal_pcd.o
                0x000000000800217c                HAL_PCD_EP_SetStall
 .text.HAL_PCD_EP_ClrStall
                0x00000000080022e0      0x1bc Drivers/STM32F0xx_HAL_Driver/Src/stm32f0xx_hal_pcd.o
                0x00000000080022e0                HAL_PCD_EP_ClrStall
 .text.PCD_WritePMA
                0x000000000800249c       0x84 Drivers/STM32F0xx_HAL_Driver/Src/stm32f0xx_hal_pcd.o
                0x000000000800249c                PCD_WritePMA
 .text.PCD_ReadPMA
                0x0000000008002520       0x94 Drivers/STM32F0xx_HAL_Driver/Src/stm32f0xx_hal_pcd.o
                0x0000000008002520                PCD_ReadPMA
 .text.PCD_EP_ISR_Handler
                0x00000000080025b4      0x6d8 Drivers/STM32F0xx_HAL_Driver/Src/stm32f0xx_hal_pcd.o
 .text.HAL_PCDEx_PMAConfig
                0x0000000008002c8c       0x9c Drivers/STM32F0xx_HAL_Driver/Src/stm32f0xx_hal_pcd_ex.o
                0x0000000008002c8c                HAL_PCDEx_PMAConfig
 .text.HAL_RCC_OscConfig
                0x0000000008002d28      0x6c0 Drivers/STM32F0xx_HAL_Driver/Src/stm32f0xx_hal_rcc.o
                0x0000000008002d28                HAL_RCC_OscConfig
 .text.HAL_RCC_ClockConfig
                0x00000000080033e8      0x214 Drivers/STM32F0xx_HAL_Driver/Src/stm32f0xx_hal_rcc.o
                0x00000000080033e8                HAL_RCC_ClockConfig
 .text.HAL_RCC_GetSysClockFreq
                0x00000000080035fc      0x100 Drivers/STM32F0xx_HAL_Driver/Src/stm32f0xx_hal_rcc.o
                0x00000000080035fc                HAL_RCC_GetSysClockFreq
 .text.HAL_RCC_GetHCLKFreq
                0x00000000080036fc       0x14 Drivers/STM32F0xx_HAL_Driver/Src/stm32f0xx_hal_rcc.o
                0x00000000080036fc                HAL_RCC_GetHCLKFreq
 .text.HAL_RCC_GetPCLK1Freq
                0x0000000008003710       0x2c Drivers/STM32F0xx_HAL_Driver/Src/stm32f0xx_hal_rcc.o
                0x0000000008003710                HAL_RCC_GetPCLK1Freq
 .text.HAL_RCC_GetClockConfig
                0x000000000800373c       0x54 Drivers/STM32F0xx_HAL_Driver/Src/stm32f0xx_hal_rcc.o
                0x000000000800373c                HAL_RCC_GetClockConfig
 .text.HAL_RCCEx_PeriphCLKConfig
                0x0000000008003790      0x1dc Drivers/STM32F0xx_HAL_Driver/Src/stm32f0xx_hal_rcc_ex.o
                0x0000000008003790                HAL_RCCEx_PeriphCLKConfig
 .text.HAL_TIM_Base_Init
                0x000000000800396c       0x58 Drivers/STM32F0xx_HAL_Driver/Src/stm32f0xx_hal_tim.o
                0x000000000800396c                HAL_TIM_Base_Init
 .text.HAL_TIM_Base_Start_IT
                0x00000000080039c4       0x32 Drivers/STM32F0xx_HAL_Driver/Src/stm32f0xx_hal_tim.o
                0x00000000080039c4                HAL_TIM_Base_Start_IT
 .text.HAL_TIM_IRQHandler
                0x00000000080039f6      0x22c Drivers/STM32F0xx_HAL_Driver/Src/stm32f0xx_hal_tim.o
                0x00000000080039f6                HAL_TIM_IRQHandler
 *fill*         0x0000000008003c22        0x2 
 .text.HAL_TIM_ConfigClockSource
                0x0000000008003c24      0x1c0 Drivers/STM32F0xx_HAL_Driver/Src/stm32f0xx_hal_tim.o
                0x0000000008003c24                HAL_TIM_ConfigClockSource
 .text.HAL_TIM_OC_DelayElapsedCallback
                0x0000000008003de4       0x10 Drivers/STM32F0xx_HAL_Driver/Src/stm32f0xx_hal_tim.o
                0x0000000008003de4                HAL_TIM_OC_DelayElapsedCallback
 .text.HAL_TIM_IC_CaptureCallback
                0x0000000008003df4       0x10 Drivers/STM32F0xx_HAL_Driver/Src/stm32f0xx_hal_tim.o
                0x0000000008003df4                HAL_TIM_IC_CaptureCallback
 .text.HAL_TIM_PWM_PulseFinishedCallback
                0x0000000008003e04       0x10 Drivers/STM32F0xx_HAL_Driver/Src/stm32f0xx_hal_tim.o
                0x0000000008003e04                HAL_TIM_PWM_PulseFinishedCallback
 .text.HAL_TIM_TriggerCallback
                0x0000000008003e14       0x10 Drivers/STM32F0xx_HAL_Driver/Src/stm32f0xx_hal_tim.o
                0x0000000008003e14                HAL_TIM_TriggerCallback
 .text.TIM_Base_SetConfig
                0x0000000008003e24       0xf0 Drivers/STM32F0xx_HAL_Driver/Src/stm32f0xx_hal_tim.o
                0x0000000008003e24                TIM_Base_SetConfig
 .text.TIM_TI1_ConfigInputStage
                0x0000000008003f14       0x64 Drivers/STM32F0xx_HAL_Driver/Src/stm32f0xx_hal_tim.o
 .text.TIM_TI2_ConfigInputStage
                0x0000000008003f78       0x6c Drivers/STM32F0xx_HAL_Driver/Src/stm32f0xx_hal_tim.o
 .text.TIM_ITRx_SetConfig
                0x0000000008003fe4       0x40 Drivers/STM32F0xx_HAL_Driver/Src/stm32f0xx_hal_tim.o
 .text.TIM_ETR_SetConfig
                0x0000000008004024       0x44 Drivers/STM32F0xx_HAL_Driver/Src/stm32f0xx_hal_tim.o
                0x0000000008004024                TIM_ETR_SetConfig
 .text.HAL_TIMEx_MasterConfigSynchronization
                0x0000000008004068       0x86 Drivers/STM32F0xx_HAL_Driver/Src/stm32f0xx_hal_tim_ex.o
                0x0000000008004068                HAL_TIMEx_MasterConfigSynchronization
 .text.HAL_TIMEx_CommutationCallback
                0x00000000080040ee       0x10 Drivers/STM32F0xx_HAL_Driver/Src/stm32f0xx_hal_tim_ex.o
                0x00000000080040ee                HAL_TIMEx_CommutationCallback
 .text.HAL_TIMEx_BreakCallback
                0x00000000080040fe       0x10 Drivers/STM32F0xx_HAL_Driver/Src/stm32f0xx_hal_tim_ex.o
                0x00000000080040fe                HAL_TIMEx_BreakCallback
 .text.USBD_CDC_Init
                0x000000000800410e       0xf2 Middlewares/ST/STM32_USB_Device_Library/Class/CDC/Src/usbd_cdc.o
 .text.USBD_CDC_DeInit
                0x0000000008004200       0x72 Middlewares/ST/STM32_USB_Device_Library/Class/CDC/Src/usbd_cdc.o
 *fill*         0x0000000008004272        0x2 
 .text.USBD_CDC_Setup
                0x0000000008004274       0xc8 Middlewares/ST/STM32_USB_Device_Library/Class/CDC/Src/usbd_cdc.o
 .text.USBD_CDC_DataIn
                0x000000000800433c       0x3c Middlewares/ST/STM32_USB_Device_Library/Class/CDC/Src/usbd_cdc.o
 .text.USBD_CDC_DataOut
                0x0000000008004378       0x6a Middlewares/ST/STM32_USB_Device_Library/Class/CDC/Src/usbd_cdc.o
 *fill*         0x00000000080043e2        0x2 
 .text.USBD_CDC_EP0_RxReady
                0x00000000080043e4       0x64 Middlewares/ST/STM32_USB_Device_Library/Class/CDC/Src/usbd_cdc.o
 .text.USBD_CDC_GetFSCfgDesc
                0x0000000008004448       0x1c Middlewares/ST/STM32_USB_Device_Library/Class/CDC/Src/usbd_cdc.o
 .text.USBD_CDC_GetHSCfgDesc
                0x0000000008004464       0x1c Middlewares/ST/STM32_USB_Device_Library/Class/CDC/Src/usbd_cdc.o
 .text.USBD_CDC_GetOtherSpeedCfgDesc
                0x0000000008004480       0x1c Middlewares/ST/STM32_USB_Device_Library/Class/CDC/Src/usbd_cdc.o
 .text.USBD_CDC_GetDeviceQualifierDescriptor
                0x000000000800449c       0x1c Middlewares/ST/STM32_USB_Device_Library/Class/CDC/Src/usbd_cdc.o
                0x000000000800449c                USBD_CDC_GetDeviceQualifierDescriptor
 .text.USBD_CDC_RegisterInterface
                0x00000000080044b8       0x38 Middlewares/ST/STM32_USB_Device_Library/Class/CDC/Src/usbd_cdc.o
                0x00000000080044b8                USBD_CDC_RegisterInterface
 .text.USBD_CDC_SetTxBuffer
                0x00000000080044f0       0x38 Middlewares/ST/STM32_USB_Device_Library/Class/CDC/Src/usbd_cdc.o
                0x00000000080044f0                USBD_CDC_SetTxBuffer
 .text.USBD_CDC_SetRxBuffer
                0x0000000008004528       0x28 Middlewares/ST/STM32_USB_Device_Library/Class/CDC/Src/usbd_cdc.o
                0x0000000008004528                USBD_CDC_SetRxBuffer
 .text.USBD_CDC_TransmitPacket
                0x0000000008004550       0x62 Middlewares/ST/STM32_USB_Device_Library/Class/CDC/Src/usbd_cdc.o
                0x0000000008004550                USBD_CDC_TransmitPacket
 .text.USBD_CDC_ReceivePacket
                0x00000000080045b2       0x5c Middlewares/ST/STM32_USB_Device_Library/Class/CDC/Src/usbd_cdc.o
                0x00000000080045b2                USBD_CDC_ReceivePacket
 .text.USBD_Init
                0x000000000800460e       0x62 Middlewares/ST/STM32_USB_Device_Library/Core/Src/usbd_core.o
                0x000000000800460e                USBD_Init
 .text.USBD_RegisterClass
                0x0000000008004670       0x42 Middlewares/ST/STM32_USB_Device_Library/Core/Src/usbd_core.o
                0x0000000008004670                USBD_RegisterClass
 .text.USBD_Start
                0x00000000080046b2       0x1a Middlewares/ST/STM32_USB_Device_Library/Core/Src/usbd_core.o
                0x00000000080046b2                USBD_Start
 .text.USBD_RunTestMode
                0x00000000080046cc       0x12 Middlewares/ST/STM32_USB_Device_Library/Core/Src/usbd_core.o
                0x00000000080046cc                USBD_RunTestMode
 .text.USBD_SetClassConfig
                0x00000000080046de       0x50 Middlewares/ST/STM32_USB_Device_Library/Core/Src/usbd_core.o
                0x00000000080046de                USBD_SetClassConfig
 .text.USBD_ClrClassConfig
                0x000000000800472e       0x2c Middlewares/ST/STM32_USB_Device_Library/Core/Src/usbd_core.o
                0x000000000800472e                USBD_ClrClassConfig
 *fill*         0x000000000800475a        0x2 
 .text.USBD_LL_SetupStage
                0x000000000800475c       0xb8 Middlewares/ST/STM32_USB_Device_Library/Core/Src/usbd_core.o
                0x000000000800475c                USBD_LL_SetupStage
 .text.USBD_LL_DataOutStage
                0x0000000008004814       0xd2 Middlewares/ST/STM32_USB_Device_Library/Core/Src/usbd_core.o
                0x0000000008004814                USBD_LL_DataOutStage
 .text.USBD_LL_DataInStage
                0x00000000080048e6      0x146 Middlewares/ST/STM32_USB_Device_Library/Core/Src/usbd_core.o
                0x00000000080048e6                USBD_LL_DataInStage
 .text.USBD_LL_Reset
                0x0000000008004a2c       0x66 Middlewares/ST/STM32_USB_Device_Library/Core/Src/usbd_core.o
                0x0000000008004a2c                USBD_LL_Reset
 .text.USBD_LL_SetSpeed
                0x0000000008004a92       0x20 Middlewares/ST/STM32_USB_Device_Library/Core/Src/usbd_core.o
                0x0000000008004a92                USBD_LL_SetSpeed
 .text.USBD_LL_Suspend
                0x0000000008004ab2       0x2c Middlewares/ST/STM32_USB_Device_Library/Core/Src/usbd_core.o
                0x0000000008004ab2                USBD_LL_Suspend
 .text.USBD_LL_Resume
                0x0000000008004ade       0x22 Middlewares/ST/STM32_USB_Device_Library/Core/Src/usbd_core.o
                0x0000000008004ade                USBD_LL_Resume
 .text.USBD_LL_SOF
                0x0000000008004b00       0x3c Middlewares/ST/STM32_USB_Device_Library/Core/Src/usbd_core.o
                0x0000000008004b00                USBD_LL_SOF
 .text.USBD_StdDevReq
                0x0000000008004b3c       0xa8 Middlewares/ST/STM32_USB_Device_Library/Core/Src/usbd_ctlreq.o
                0x0000000008004b3c                USBD_StdDevReq
 .text.USBD_StdItfReq
                0x0000000008004be4       0x7e Middlewares/ST/STM32_USB_Device_Library/Core/Src/usbd_ctlreq.o
                0x0000000008004be4                USBD_StdItfReq
 .text.USBD_StdEPReq
                0x0000000008004c62      0x22c Middlewares/ST/STM32_USB_Device_Library/Core/Src/usbd_ctlreq.o
                0x0000000008004c62                USBD_StdEPReq
 *fill*         0x0000000008004e8e        0x2 
 .text.USBD_GetDescriptor
                0x0000000008004e90      0x214 Middlewares/ST/STM32_USB_Device_Library/Core/Src/usbd_ctlreq.o
 .text.USBD_SetAddress
                0x00000000080050a4       0x9c Middlewares/ST/STM32_USB_Device_Library/Core/Src/usbd_ctlreq.o
 .text.USBD_SetConfig
                0x0000000008005140      0x138 Middlewares/ST/STM32_USB_Device_Library/Core/Src/usbd_ctlreq.o
 .text.USBD_GetConfig
                0x0000000008005278       0x70 Middlewares/ST/STM32_USB_Device_Library/Core/Src/usbd_ctlreq.o
 .text.USBD_GetStatus
                0x00000000080052e8       0x5e Middlewares/ST/STM32_USB_Device_Library/Core/Src/usbd_ctlreq.o
 .text.USBD_SetFeature
                0x0000000008005346       0x3e Middlewares/ST/STM32_USB_Device_Library/Core/Src/usbd_ctlreq.o
 .text.USBD_ClrFeature
                0x0000000008005384       0x5e Middlewares/ST/STM32_USB_Device_Library/Core/Src/usbd_ctlreq.o
 .text.USBD_ParseSetupRequest
                0x00000000080053e2       0x76 Middlewares/ST/STM32_USB_Device_Library/Core/Src/usbd_ctlreq.o
                0x00000000080053e2                USBD_ParseSetupRequest
 .text.USBD_CtlError
                0x0000000008005458       0x26 Middlewares/ST/STM32_USB_Device_Library/Core/Src/usbd_ctlreq.o
                0x0000000008005458                USBD_CtlError
 .text.USBD_GetString
                0x000000000800547e       0xa0 Middlewares/ST/STM32_USB_Device_Library/Core/Src/usbd_ctlreq.o
                0x000000000800547e                USBD_GetString
 .text.USBD_GetLen
                0x000000000800551e       0x3a Middlewares/ST/STM32_USB_Device_Library/Core/Src/usbd_ctlreq.o
 .text.USBD_CtlSendData
                0x0000000008005558       0x40 Middlewares/ST/STM32_USB_Device_Library/Core/Src/usbd_ioreq.o
                0x0000000008005558                USBD_CtlSendData
 .text.USBD_CtlContinueSendData
                0x0000000008005598       0x26 Middlewares/ST/STM32_USB_Device_Library/Core/Src/usbd_ioreq.o
                0x0000000008005598                USBD_CtlContinueSendData
 .text.USBD_CtlPrepareRx
                0x00000000080055be       0x48 Middlewares/ST/STM32_USB_Device_Library/Core/Src/usbd_ioreq.o
                0x00000000080055be                USBD_CtlPrepareRx
 .text.USBD_CtlContinueRx
                0x0000000008005606       0x26 Middlewares/ST/STM32_USB_Device_Library/Core/Src/usbd_ioreq.o
                0x0000000008005606                USBD_CtlContinueRx
 .text.USBD_CtlSendStatus
                0x000000000800562c       0x28 Middlewares/ST/STM32_USB_Device_Library/Core/Src/usbd_ioreq.o
                0x000000000800562c                USBD_CtlSendStatus
 .text.USBD_CtlReceiveStatus
                0x0000000008005654       0x28 Middlewares/ST/STM32_USB_Device_Library/Core/Src/usbd_ioreq.o
                0x0000000008005654                USBD_CtlReceiveStatus
 .text.main     0x000000000800567c       0x4c Src/main.o
                0x000000000800567c                main
 .text.SystemClock_Config
                0x00000000080056c8       0xa8 Src/main.o
                0x00000000080056c8                SystemClock_Config
 .text.MX_TIM3_Init
                0x0000000008005770       0xb0 Src/main.o
 .text.MX_GPIO_Init
                0x0000000008005820       0xd8 Src/main.o
 .text.HAL_TIM_PeriodElapsedCallback
                0x00000000080058f8       0x88 Src/main.o
                0x00000000080058f8                HAL_TIM_PeriodElapsedCallback
 .text.Error_Handler
                0x0000000008005980        0xa Src/main.o
                0x0000000008005980                Error_Handler
 *fill*         0x000000000800598a        0x2 
 .text.HAL_MspInit
                0x000000000800598c       0x48 Src/stm32f0xx_hal_msp.o
                0x000000000800598c                HAL_MspInit
 .text.HAL_TIM_Base_MspInit
                0x00000000080059d4       0x3c Src/stm32f0xx_hal_msp.o
                0x00000000080059d4                HAL_TIM_Base_MspInit
 .text.HAL_InitTick
                0x0000000008005a10       0xbc Src/stm32f0xx_hal_timebase_tim.o
                0x0000000008005a10                HAL_InitTick
 .text.NMI_Handler
                0x0000000008005acc        0xa Src/stm32f0xx_it.o
                0x0000000008005acc                NMI_Handler
 .text.HardFault_Handler
                0x0000000008005ad6        0x6 Src/stm32f0xx_it.o
                0x0000000008005ad6                HardFault_Handler
 .text.SVC_Handler
                0x0000000008005adc        0xa Src/stm32f0xx_it.o
                0x0000000008005adc                SVC_Handler
 .text.PendSV_Handler
                0x0000000008005ae6        0xa Src/stm32f0xx_it.o
                0x0000000008005ae6                PendSV_Handler
 .text.SysTick_Handler
                0x0000000008005af0        0xa Src/stm32f0xx_it.o
                0x0000000008005af0                SysTick_Handler
 *fill*         0x0000000008005afa        0x2 
 .text.TIM1_BRK_UP_TRG_COM_IRQHandler
                0x0000000008005afc       0x18 Src/stm32f0xx_it.o
                0x0000000008005afc                TIM1_BRK_UP_TRG_COM_IRQHandler
 .text.USB_IRQHandler
                0x0000000008005b14       0x18 Src/stm32f0xx_it.o
                0x0000000008005b14                USB_IRQHandler
 .text.SystemInit
                0x0000000008005b2c       0x88 Src/system_stm32f0xx.o
                0x0000000008005b2c                SystemInit
 .text.MX_USB_DEVICE_Init
                0x0000000008005bb4       0x68 Src/usb_device.o
                0x0000000008005bb4                MX_USB_DEVICE_Init
 .text.CDC_Init_FS
                0x0000000008005c1c       0x30 Src/usbd_cdc_if.o
 .text.CDC_DeInit_FS
                0x0000000008005c4c        0xc Src/usbd_cdc_if.o
 .text.CDC_Control_FS
                0x0000000008005c58       0x38 Src/usbd_cdc_if.o
 .text.CDC_Receive_FS
                0x0000000008005c90      0x138 Src/usbd_cdc_if.o
 .text.CDC_Transmit_FS
                0x0000000008005dc8       0x60 Src/usbd_cdc_if.o
                0x0000000008005dc8                CDC_Transmit_FS
 .text.HAL_PCD_MspInit
                0x0000000008005e28       0x50 Src/usbd_conf.o
                0x0000000008005e28                HAL_PCD_MspInit
 .text.HAL_PCD_SetupStageCallback
                0x0000000008005e78       0x26 Src/usbd_conf.o
                0x0000000008005e78                HAL_PCD_SetupStageCallback
 .text.HAL_PCD_DataOutStageCallback
                0x0000000008005e9e       0x42 Src/usbd_conf.o
                0x0000000008005e9e                HAL_PCD_DataOutStageCallback
 .text.HAL_PCD_DataInStageCallback
                0x0000000008005ee0       0x3c Src/usbd_conf.o
                0x0000000008005ee0                HAL_PCD_DataInStageCallback
 .text.HAL_PCD_SOFCallback
                0x0000000008005f1c       0x1e Src/usbd_conf.o
                0x0000000008005f1c                HAL_PCD_SOFCallback
 .text.HAL_PCD_ResetCallback
                0x0000000008005f3a       0x48 Src/usbd_conf.o
                0x0000000008005f3a                HAL_PCD_ResetCallback
 *fill*         0x0000000008005f82        0x2 
 .text.HAL_PCD_SuspendCallback
                0x0000000008005f84       0x38 Src/usbd_conf.o
                0x0000000008005f84                HAL_PCD_SuspendCallback
 .text.HAL_PCD_ResumeCallback
                0x0000000008005fbc       0x3c Src/usbd_conf.o
                0x0000000008005fbc                HAL_PCD_ResumeCallback
 .text.USBD_LL_Init
                0x0000000008005ff8       0xc8 Src/usbd_conf.o
                0x0000000008005ff8                USBD_LL_Init
 .text.USBD_LL_Start
                0x00000000080060c0       0x4c Src/usbd_conf.o
                0x00000000080060c0                USBD_LL_Start
 .text.USBD_LL_OpenEP
                0x000000000800610c       0x6e Src/usbd_conf.o
                0x000000000800610c                USBD_LL_OpenEP
 .text.USBD_LL_CloseEP
                0x000000000800617a       0x58 Src/usbd_conf.o
                0x000000000800617a                USBD_LL_CloseEP
 .text.USBD_LL_StallEP
                0x00000000080061d2       0x58 Src/usbd_conf.o
                0x00000000080061d2                USBD_LL_StallEP
 .text.USBD_LL_ClearStallEP
                0x000000000800622a       0x58 Src/usbd_conf.o
                0x000000000800622a                USBD_LL_ClearStallEP
 .text.USBD_LL_IsStallEP
                0x0000000008006282       0x62 Src/usbd_conf.o
                0x0000000008006282                USBD_LL_IsStallEP
 .text.USBD_LL_SetUSBAddress
                0x00000000080062e4       0x58 Src/usbd_conf.o
                0x00000000080062e4                USBD_LL_SetUSBAddress
 .text.USBD_LL_Transmit
                0x000000000800633c       0x70 Src/usbd_conf.o
                0x000000000800633c                USBD_LL_Transmit
 .text.USBD_LL_PrepareReceive
                0x00000000080063ac       0x70 Src/usbd_conf.o
                0x00000000080063ac                USBD_LL_PrepareReceive
 .text.USBD_LL_GetRxDataSize
                0x000000000800641c       0x2c Src/usbd_conf.o
                0x000000000800641c                USBD_LL_GetRxDataSize
 .text.USBD_static_malloc
                0x0000000008006448       0x18 Src/usbd_conf.o
                0x0000000008006448                USBD_static_malloc
 .text.USBD_static_free
                0x0000000008006460       0x10 Src/usbd_conf.o
                0x0000000008006460                USBD_static_free
 .text.SystemClockConfig_Resume
                0x0000000008006470        0xe Src/usbd_conf.o
 .text.USBD_Get_USB_Status
                0x000000000800647e       0x6e Src/usbd_conf.o
 .text.USBD_FS_DeviceDescriptor
                0x00000000080064ec       0x24 Src/usbd_desc.o
                0x00000000080064ec                USBD_FS_DeviceDescriptor
 .text.USBD_FS_LangIDStrDescriptor
                0x0000000008006510       0x24 Src/usbd_desc.o
                0x0000000008006510                USBD_FS_LangIDStrDescriptor
 .text.USBD_FS_ProductStrDescriptor
                0x0000000008006534       0x44 Src/usbd_desc.o
                0x0000000008006534                USBD_FS_ProductStrDescriptor
 .text.USBD_FS_ManufacturerStrDescriptor
                0x0000000008006578       0x2c Src/usbd_desc.o
                0x0000000008006578                USBD_FS_ManufacturerStrDescriptor
 .text.USBD_FS_SerialStrDescriptor
                0x00000000080065a4       0x28 Src/usbd_desc.o
                0x00000000080065a4                USBD_FS_SerialStrDescriptor
 .text.USBD_FS_ConfigStrDescriptor
                0x00000000080065cc       0x44 Src/usbd_desc.o
                0x00000000080065cc                USBD_FS_ConfigStrDescriptor
 .text.USBD_FS_InterfaceStrDescriptor
                0x0000000008006610       0x44 Src/usbd_desc.o
                0x0000000008006610                USBD_FS_InterfaceStrDescriptor
 .text.Get_SerialNum
                0x0000000008006654       0x5c Src/usbd_desc.o
 .text.IntToUnicode
                0x00000000080066b0       0x94 Src/usbd_desc.o
 .text.uv_led_init
                0x0000000008006744      0x144 Src/uv_led_driver.o
                0x0000000008006744                uv_led_init
 .text.uv_led_set_period
                0x0000000008006888       0xe4 Src/uv_led_driver.o
                0x0000000008006888                uv_led_set_period
 .text.uv_led_enable
                0x000000000800696c      0x110 Src/uv_led_driver.o
                0x000000000800696c                uv_led_enable
 .text.uv_led_toggle
                0x0000000008006a7c       0x7c Src/uv_led_driver.o
                0x0000000008006a7c                uv_led_toggle
 .text.Reset_Handler
                0x0000000008006af8       0x80 Startup/startup_stm32f042k6tx.o
                0x0000000008006af8                Reset_Handler
 .text.Default_Handler
                0x0000000008006b78        0x2 Startup/startup_stm32f042k6tx.o
                0x0000000008006b78                TIM1_CC_IRQHandler
                0x0000000008006b78                TSC_IRQHandler
                0x0000000008006b78                I2C1_IRQHandler
                0x0000000008006b78                RCC_CRS_IRQHandler
                0x0000000008006b78                SPI1_IRQHandler
                0x0000000008006b78                EXTI2_3_IRQHandler
                0x0000000008006b78                ADC1_IRQHandler
                0x0000000008006b78                TIM17_IRQHandler
                0x0000000008006b78                CEC_CAN_IRQHandler
                0x0000000008006b78                RTC_IRQHandler
                0x0000000008006b78                PVD_VDDIO2_IRQHandler
                0x0000000008006b78                TIM16_IRQHandler
                0x0000000008006b78                TIM3_IRQHandler
                0x0000000008006b78                EXTI4_15_IRQHandler
                0x0000000008006b78                DMA1_Channel1_IRQHandler
                0x0000000008006b78                Default_Handler
                0x0000000008006b78                TIM14_IRQHandler
                0x0000000008006b78                DMA1_Channel4_5_IRQHandler
                0x0000000008006b78                EXTI0_1_IRQHandler
                0x0000000008006b78                SPI2_IRQHandler
                0x0000000008006b78                WWDG_IRQHandler
                0x0000000008006b78                TIM2_IRQHandler
                0x0000000008006b78                DMA1_Channel2_3_IRQHandler
                0x0000000008006b78                USART2_IRQHandler
                0x0000000008006b78                FLASH_IRQHandler
                0x0000000008006b78                USART1_IRQHandler
 *fill*         0x0000000008006b7a        0x2 
 .text.__libc_init_array
                0x0000000008006b7c       0x48 /opt/st/stm32cubeide_1.3.0/plugins/com.st.stm32cube.ide.mcu.externaltools.gnu-tools-for-stm32.7-2018-q2-update.linux64_1.0.0.201904181610/tools/bin/../lib/gcc/arm-none-eabi/7.3.1/../../../../arm-none-eabi/lib/thumb/v6-m/libc_nano.a(lib_a-init.o)
                0x0000000008006b7c                __libc_init_array
 .text.memset   0x0000000008006bc4       0x10 /opt/st/stm32cubeide_1.3.0/plugins/com.st.stm32cube.ide.mcu.externaltools.gnu-tools-for-stm32.7-2018-q2-update.linux64_1.0.0.201904181610/tools/bin/../lib/gcc/arm-none-eabi/7.3.1/../../../../arm-none-eabi/lib/thumb/v6-m/libc_nano.a(lib_a-memset.o)
                0x0000000008006bc4                memset
 *(.glue_7)
 .glue_7        0x0000000008006bd4        0x0 linker stubs
 *(.glue_7t)
 .glue_7t       0x0000000008006bd4        0x0 linker stubs
 *(.eh_frame)
 .eh_frame      0x0000000008006bd4        0x0 /opt/st/stm32cubeide_1.3.0/plugins/com.st.stm32cube.ide.mcu.externaltools.gnu-tools-for-stm32.7-2018-q2-update.linux64_1.0.0.201904181610/tools/bin/../lib/gcc/arm-none-eabi/7.3.1/thumb/v6-m/crtbegin.o
 *(.init)
 .init          0x0000000008006bd4        0x4 /opt/st/stm32cubeide_1.3.0/plugins/com.st.stm32cube.ide.mcu.externaltools.gnu-tools-for-stm32.7-2018-q2-update.linux64_1.0.0.201904181610/tools/bin/../lib/gcc/arm-none-eabi/7.3.1/thumb/v6-m/crti.o
                0x0000000008006bd4                _init
 .init          0x0000000008006bd8        0x8 /opt/st/stm32cubeide_1.3.0/plugins/com.st.stm32cube.ide.mcu.externaltools.gnu-tools-for-stm32.7-2018-q2-update.linux64_1.0.0.201904181610/tools/bin/../lib/gcc/arm-none-eabi/7.3.1/thumb/v6-m/crtn.o
 *(.fini)
 .fini          0x0000000008006be0        0x4 /opt/st/stm32cubeide_1.3.0/plugins/com.st.stm32cube.ide.mcu.externaltools.gnu-tools-for-stm32.7-2018-q2-update.linux64_1.0.0.201904181610/tools/bin/../lib/gcc/arm-none-eabi/7.3.1/thumb/v6-m/crti.o
                0x0000000008006be0                _fini
 .fini          0x0000000008006be4        0x8 /opt/st/stm32cubeide_1.3.0/plugins/com.st.stm32cube.ide.mcu.externaltools.gnu-tools-for-stm32.7-2018-q2-update.linux64_1.0.0.201904181610/tools/bin/../lib/gcc/arm-none-eabi/7.3.1/thumb/v6-m/crtn.o
                0x0000000008006bec                . = ALIGN (0x4)
                0x0000000008006bec                _etext = .

.vfp11_veneer   0x0000000008006bec        0x0
 .vfp11_veneer  0x0000000008006bec        0x0 linker stubs

.v4_bx          0x0000000008006bec        0x0
 .v4_bx         0x0000000008006bec        0x0 linker stubs

.iplt           0x0000000008006bec        0x0
 .iplt          0x0000000008006bec        0x0 /opt/st/stm32cubeide_1.3.0/plugins/com.st.stm32cube.ide.mcu.externaltools.gnu-tools-for-stm32.7-2018-q2-update.linux64_1.0.0.201904181610/tools/bin/../lib/gcc/arm-none-eabi/7.3.1/thumb/v6-m/crtbegin.o

.rodata         0x0000000008006bec      0x168
                0x0000000008006bec                . = ALIGN (0x4)
 *(.rodata)
 .rodata        0x0000000008006bec       0x20 Drivers/STM32F0xx_HAL_Driver/Src/stm32f0xx_hal_rcc.o
 .rodata        0x0000000008006c0c       0x3e Src/usbd_desc.o
 *(.rodata*)
 *fill*         0x0000000008006c4a        0x2 
 .rodata.USBD_StdDevReq
                0x0000000008006c4c       0x28 Middlewares/ST/STM32_USB_Device_Library/Core/Src/usbd_ctlreq.o
 .rodata.USBD_GetDescriptor
                0x0000000008006c74       0x38 Middlewares/ST/STM32_USB_Device_Library/Core/Src/usbd_ctlreq.o
 .rodata.AHBPrescTable
                0x0000000008006cac       0x10 Src/system_stm32f0xx.o
                0x0000000008006cac                AHBPrescTable
 .rodata.APBPrescTable
                0x0000000008006cbc        0x8 Src/system_stm32f0xx.o
                0x0000000008006cbc                APBPrescTable
 .rodata.CDC_Control_FS
                0x0000000008006cc4       0x90 Src/usbd_cdc_if.o
                0x0000000008006d54                . = ALIGN (0x4)

.rel.dyn        0x0000000008006d54        0x0
 .rel.iplt      0x0000000008006d54        0x0 /opt/st/stm32cubeide_1.3.0/plugins/com.st.stm32cube.ide.mcu.externaltools.gnu-tools-for-stm32.7-2018-q2-update.linux64_1.0.0.201904181610/tools/bin/../lib/gcc/arm-none-eabi/7.3.1/thumb/v6-m/crtbegin.o

.ARM.extab      0x0000000008006d54        0x0
                0x0000000008006d54                . = ALIGN (0x4)
 *(.ARM.extab* .gnu.linkonce.armextab.*)
                0x0000000008006d54                . = ALIGN (0x4)

.ARM            0x0000000008006d54        0x0
                0x0000000008006d54                . = ALIGN (0x4)
                0x0000000008006d54                __exidx_start = .
 *(.ARM.exidx*)
                0x0000000008006d54                __exidx_end = .
                0x0000000008006d54                . = ALIGN (0x4)

.preinit_array  0x0000000008006d54        0x0
                0x0000000008006d54                . = ALIGN (0x4)
                0x0000000008006d54                PROVIDE (__preinit_array_start = .)
 *(.preinit_array*)
                0x0000000008006d54                PROVIDE (__preinit_array_end = .)
                0x0000000008006d54                . = ALIGN (0x4)

.init_array     0x0000000008006d54        0x4
                0x0000000008006d54                . = ALIGN (0x4)
                0x0000000008006d54                PROVIDE (__init_array_start = .)
 *(SORT_BY_NAME(.init_array.*))
 *(.init_array*)
 .init_array    0x0000000008006d54        0x4 /opt/st/stm32cubeide_1.3.0/plugins/com.st.stm32cube.ide.mcu.externaltools.gnu-tools-for-stm32.7-2018-q2-update.linux64_1.0.0.201904181610/tools/bin/../lib/gcc/arm-none-eabi/7.3.1/thumb/v6-m/crtbegin.o
                0x0000000008006d58                PROVIDE (__init_array_end = .)
                0x0000000008006d58                . = ALIGN (0x4)

.fini_array     0x0000000008006d58        0x4
                0x0000000008006d58                . = ALIGN (0x4)
                [!provide]                        PROVIDE (__fini_array_start = .)
 *(SORT_BY_NAME(.fini_array.*))
 *(.fini_array*)
 .fini_array    0x0000000008006d58        0x4 /opt/st/stm32cubeide_1.3.0/plugins/com.st.stm32cube.ide.mcu.externaltools.gnu-tools-for-stm32.7-2018-q2-update.linux64_1.0.0.201904181610/tools/bin/../lib/gcc/arm-none-eabi/7.3.1/thumb/v6-m/crtbegin.o
                [!provide]                        PROVIDE (__fini_array_end = .)
                0x0000000008006d5c                . = ALIGN (0x4)
                0x0000000008006d5c                _sidata = LOADADDR (.data)

.data           0x0000000020000000      0x174 load address 0x0000000008006d5c
                0x0000000020000000                . = ALIGN (0x4)
                0x0000000020000000                _sdata = .
 *(.data)
 *(.data*)
 .data.USBD_CDC_DeviceQualifierDesc
                0x0000000020000000        0xa Middlewares/ST/STM32_USB_Device_Library/Class/CDC/Src/usbd_cdc.o
 *fill*         0x000000002000000a        0x2 
 .data.USBD_CDC
                0x000000002000000c       0x38 Middlewares/ST/STM32_USB_Device_Library/Class/CDC/Src/usbd_cdc.o
                0x000000002000000c                USBD_CDC
 .data.USBD_CDC_CfgHSDesc
                0x0000000020000044       0x43 Middlewares/ST/STM32_USB_Device_Library/Class/CDC/Src/usbd_cdc.o
                0x0000000020000044                USBD_CDC_CfgHSDesc
 *fill*         0x0000000020000087        0x1 
 .data.USBD_CDC_CfgFSDesc
                0x0000000020000088       0x43 Middlewares/ST/STM32_USB_Device_Library/Class/CDC/Src/usbd_cdc.o
                0x0000000020000088                USBD_CDC_CfgFSDesc
 *fill*         0x00000000200000cb        0x1 
 .data.USBD_CDC_OtherSpeedCfgDesc
                0x00000000200000cc       0x43 Middlewares/ST/STM32_USB_Device_Library/Class/CDC/Src/usbd_cdc.o
                0x00000000200000cc                USBD_CDC_OtherSpeedCfgDesc
 *fill*         0x000000002000010f        0x1 
 .data.SystemCoreClock
                0x0000000020000110        0x4 Src/system_stm32f0xx.o
                0x0000000020000110                SystemCoreClock
 .data.USBD_Interface_fops_FS
                0x0000000020000114       0x10 Src/usbd_cdc_if.o
                0x0000000020000114                USBD_Interface_fops_FS
 .data.FS_Desc  0x0000000020000124       0x1c Src/usbd_desc.o
                0x0000000020000124                FS_Desc
 .data.USBD_FS_DeviceDesc
                0x0000000020000140       0x12 Src/usbd_desc.o
                0x0000000020000140                USBD_FS_DeviceDesc
 *fill*         0x0000000020000152        0x2 
 .data.USBD_LangIDDesc
                0x0000000020000154        0x4 Src/usbd_desc.o
                0x0000000020000154                USBD_LangIDDesc
 .data.USBD_StringSerial
                0x0000000020000158       0x1a Src/usbd_desc.o
                0x0000000020000158                USBD_StringSerial
                0x0000000020000174                . = ALIGN (0x4)
 *fill*         0x0000000020000172        0x2 
                0x0000000020000174                _edata = .

.igot.plt       0x0000000020000174        0x0 load address 0x0000000008006ed0
 .igot.plt      0x0000000020000174        0x0 /opt/st/stm32cubeide_1.3.0/plugins/com.st.stm32cube.ide.mcu.externaltools.gnu-tools-for-stm32.7-2018-q2-update.linux64_1.0.0.201904181610/tools/bin/../lib/gcc/arm-none-eabi/7.3.1/thumb/v6-m/crtbegin.o
                0x0000000020000174                . = ALIGN (0x4)

.bss            0x0000000020000178      0xd80 load address 0x0000000008006ed0
                0x0000000020000178                _sbss = .
                0x0000000020000178                __bss_start__ = _sbss
 *(.bss)
 .bss           0x0000000020000178       0x1c /opt/st/stm32cubeide_1.3.0/plugins/com.st.stm32cube.ide.mcu.externaltools.gnu-tools-for-stm32.7-2018-q2-update.linux64_1.0.0.201904181610/tools/bin/../lib/gcc/arm-none-eabi/7.3.1/thumb/v6-m/crtbegin.o
 *(.bss*)
 .bss.ifalt.7951
                0x0000000020000194        0x1 Middlewares/ST/STM32_USB_Device_Library/Class/CDC/Src/usbd_cdc.o
 .bss.cfgidx.7956
                0x0000000020000195        0x1 Middlewares/ST/STM32_USB_Device_Library/Core/Src/usbd_ctlreq.o
 *fill*         0x0000000020000196        0x2 
 .bss.mem.8043  0x0000000020000198      0x220 Src/usbd_conf.o
 *(COMMON)
 COMMON         0x00000000200003b8        0x4 Drivers/STM32F0xx_HAL_Driver/Src/stm32f0xx_hal.o
                0x00000000200003b8                uwTick
 *fill*         0x00000000200003bc        0x4 
 COMMON         0x00000000200003c0       0x20 Drivers/STM32F0xx_HAL_Driver/Src/stm32f0xx_hal_flash.o
                0x00000000200003c0                pFlash
 COMMON         0x00000000200003e0       0x94 Src/main.o
                0x00000000200003e0                enable_global
                0x00000000200003e4                uv_led_ports
                0x0000000020000404                uv_led_periods_ms
                0x000000002000040c                htim3
                0x000000002000044c                uv_led_pins
                0x000000002000045c                uv_led_enabled
                0x0000000020000464                uv_led_counter
 COMMON         0x0000000020000474       0x40 Src/stm32f0xx_hal_timebase_tim.o
                0x0000000020000474                htim1
 COMMON         0x00000000200004b4      0x224 Src/usb_device.o
                0x00000000200004b4                hUsbDeviceFS
 COMMON         0x00000000200006d8      0x400 Src/usbd_cdc_if.o
                0x00000000200006d8                UserRxBufferFS
                0x00000000200008d8                UserTxBufferFS
 COMMON         0x0000000020000ad8      0x220 Src/usbd_conf.o
                0x0000000020000ad8                hpcd_USB_FS
 COMMON         0x0000000020000cf8      0x200 Src/usbd_desc.o
                0x0000000020000cf8                USBD_StrDesc
                0x0000000020000ef8                . = ALIGN (0x4)
                0x0000000020000ef8                _ebss = .
                0x0000000020000ef8                __bss_end__ = _ebss

._user_heap_stack
                0x0000000020000ef8      0x600 load address 0x0000000008006ed0
                0x0000000020000ef8                . = ALIGN (0x8)
                0x0000000020000ef8                PROVIDE (end = .)
                [!provide]                        PROVIDE (_end = .)
                0x00000000200010f8                . = (. + _Min_Heap_Size)
 *fill*         0x0000000020000ef8      0x200 
                0x00000000200014f8                . = (. + _Min_Stack_Size)
 *fill*         0x00000000200010f8      0x400 
                0x00000000200014f8                . = ALIGN (0x8)

/DISCARD/
 libc.a(*)
 libm.a(*)
 libgcc.a(*)

.ARM.attributes
                0x0000000000000000       0x28
 *(.ARM.attributes)
 .ARM.attributes
                0x0000000000000000       0x1e /opt/st/stm32cubeide_1.3.0/plugins/com.st.stm32cube.ide.mcu.externaltools.gnu-tools-for-stm32.7-2018-q2-update.linux64_1.0.0.201904181610/tools/bin/../lib/gcc/arm-none-eabi/7.3.1/thumb/v6-m/crti.o
 .ARM.attributes
                0x000000000000001e       0x2c /opt/st/stm32cubeide_1.3.0/plugins/com.st.stm32cube.ide.mcu.externaltools.gnu-tools-for-stm32.7-2018-q2-update.linux64_1.0.0.201904181610/tools/bin/../lib/gcc/arm-none-eabi/7.3.1/thumb/v6-m/crtbegin.o
 .ARM.attributes
                0x000000000000004a       0x31 Drivers/STM32F0xx_HAL_Driver/Src/stm32f0xx_hal.o
 .ARM.attributes
                0x000000000000007b       0x31 Drivers/STM32F0xx_HAL_Driver/Src/stm32f0xx_hal_cortex.o
 .ARM.attributes
                0x00000000000000ac       0x31 Drivers/STM32F0xx_HAL_Driver/Src/stm32f0xx_hal_flash.o
 .ARM.attributes
                0x00000000000000dd       0x31 Drivers/STM32F0xx_HAL_Driver/Src/stm32f0xx_hal_flash_ex.o
 .ARM.attributes
                0x000000000000010e       0x31 Drivers/STM32F0xx_HAL_Driver/Src/stm32f0xx_hal_gpio.o
 .ARM.attributes
                0x000000000000013f       0x31 Drivers/STM32F0xx_HAL_Driver/Src/stm32f0xx_hal_pcd.o
 .ARM.attributes
                0x0000000000000170       0x31 Drivers/STM32F0xx_HAL_Driver/Src/stm32f0xx_hal_pcd_ex.o
 .ARM.attributes
                0x00000000000001a1       0x31 Drivers/STM32F0xx_HAL_Driver/Src/stm32f0xx_hal_rcc.o
 .ARM.attributes
                0x00000000000001d2       0x31 Drivers/STM32F0xx_HAL_Driver/Src/stm32f0xx_hal_rcc_ex.o
 .ARM.attributes
                0x0000000000000203       0x31 Drivers/STM32F0xx_HAL_Driver/Src/stm32f0xx_hal_tim.o
 .ARM.attributes
                0x0000000000000234       0x31 Drivers/STM32F0xx_HAL_Driver/Src/stm32f0xx_hal_tim_ex.o
 .ARM.attributes
                0x0000000000000265       0x31 Middlewares/ST/STM32_USB_Device_Library/Class/CDC/Src/usbd_cdc.o
 .ARM.attributes
                0x0000000000000296       0x31 Middlewares/ST/STM32_USB_Device_Library/Core/Src/usbd_core.o
 .ARM.attributes
                0x00000000000002c7       0x31 Middlewares/ST/STM32_USB_Device_Library/Core/Src/usbd_ctlreq.o
 .ARM.attributes
                0x00000000000002f8       0x31 Middlewares/ST/STM32_USB_Device_Library/Core/Src/usbd_ioreq.o
 .ARM.attributes
                0x0000000000000329       0x31 Src/main.o
 .ARM.attributes
                0x000000000000035a       0x31 Src/stm32f0xx_hal_msp.o
 .ARM.attributes
                0x000000000000038b       0x31 Src/stm32f0xx_hal_timebase_tim.o
 .ARM.attributes
                0x00000000000003bc       0x31 Src/stm32f0xx_it.o
 .ARM.attributes
                0x00000000000003ed       0x31 Src/system_stm32f0xx.o
 .ARM.attributes
                0x000000000000041e       0x31 Src/usb_device.o
 .ARM.attributes
                0x000000000000044f       0x31 Src/usbd_cdc_if.o
 .ARM.attributes
                0x0000000000000480       0x31 Src/usbd_conf.o
 .ARM.attributes
                0x00000000000004b1       0x31 Src/usbd_desc.o
 .ARM.attributes
                0x00000000000004e2       0x31 Src/uv_led_driver.o
 .ARM.attributes
                0x0000000000000513       0x21 Startup/startup_stm32f042k6tx.o
 .ARM.attributes
                0x0000000000000534       0x2c /opt/st/stm32cubeide_1.3.0/plugins/com.st.stm32cube.ide.mcu.externaltools.gnu-tools-for-stm32.7-2018-q2-update.linux64_1.0.0.201904181610/tools/bin/../lib/gcc/arm-none-eabi/7.3.1/../../../../arm-none-eabi/lib/thumb/v6-m/libc_nano.a(lib_a-init.o)
 .ARM.attributes
                0x0000000000000560       0x2c /opt/st/stm32cubeide_1.3.0/plugins/com.st.stm32cube.ide.mcu.externaltools.gnu-tools-for-stm32.7-2018-q2-update.linux64_1.0.0.201904181610/tools/bin/../lib/gcc/arm-none-eabi/7.3.1/../../../../arm-none-eabi/lib/thumb/v6-m/libc_nano.a(lib_a-memset.o)
 .ARM.attributes
                0x000000000000058c       0x1e /opt/st/stm32cubeide_1.3.0/plugins/com.st.stm32cube.ide.mcu.externaltools.gnu-tools-for-stm32.7-2018-q2-update.linux64_1.0.0.201904181610/tools/bin/../lib/gcc/arm-none-eabi/7.3.1/thumb/v6-m/libgcc.a(_udivsi3.o)
 .ARM.attributes
                0x00000000000005aa       0x1e /opt/st/stm32cubeide_1.3.0/plugins/com.st.stm32cube.ide.mcu.externaltools.gnu-tools-for-stm32.7-2018-q2-update.linux64_1.0.0.201904181610/tools/bin/../lib/gcc/arm-none-eabi/7.3.1/thumb/v6-m/libgcc.a(_dvmd_tls.o)
 .ARM.attributes
                0x00000000000005c8       0x1e /opt/st/stm32cubeide_1.3.0/plugins/com.st.stm32cube.ide.mcu.externaltools.gnu-tools-for-stm32.7-2018-q2-update.linux64_1.0.0.201904181610/tools/bin/../lib/gcc/arm-none-eabi/7.3.1/thumb/v6-m/crtn.o
OUTPUT(UVDAR_Board_Firmware.elf elf32-littlearm)

.debug_info     0x0000000000000000    0x1b67a
 .debug_info    0x0000000000000000      0xdd5 Drivers/STM32F0xx_HAL_Driver/Src/stm32f0xx_hal.o
 .debug_info    0x0000000000000dd5      0xf1b Drivers/STM32F0xx_HAL_Driver/Src/stm32f0xx_hal_cortex.o
 .debug_info    0x0000000000001cf0      0xd3d Drivers/STM32F0xx_HAL_Driver/Src/stm32f0xx_hal_flash.o
 .debug_info    0x0000000000002a2d      0xf04 Drivers/STM32F0xx_HAL_Driver/Src/stm32f0xx_hal_flash_ex.o
 .debug_info    0x0000000000003931      0xe52 Drivers/STM32F0xx_HAL_Driver/Src/stm32f0xx_hal_gpio.o
 .debug_info    0x0000000000004783     0x1952 Drivers/STM32F0xx_HAL_Driver/Src/stm32f0xx_hal_pcd.o
 .debug_info    0x00000000000060d5      0xda8 Drivers/STM32F0xx_HAL_Driver/Src/stm32f0xx_hal_pcd_ex.o
 .debug_info    0x0000000000006e7d      0xfa8 Drivers/STM32F0xx_HAL_Driver/Src/stm32f0xx_hal_rcc.o
 .debug_info    0x0000000000007e25      0xe26 Drivers/STM32F0xx_HAL_Driver/Src/stm32f0xx_hal_rcc_ex.o
 .debug_info    0x0000000000008c4b     0x2a96 Drivers/STM32F0xx_HAL_Driver/Src/stm32f0xx_hal_tim.o
 .debug_info    0x000000000000b6e1     0x1795 Drivers/STM32F0xx_HAL_Driver/Src/stm32f0xx_hal_tim_ex.o
 .debug_info    0x000000000000ce76     0x12a4 Middlewares/ST/STM32_USB_Device_Library/Class/CDC/Src/usbd_cdc.o
 .debug_info    0x000000000000e11a     0x1142 Middlewares/ST/STM32_USB_Device_Library/Core/Src/usbd_core.o
 .debug_info    0x000000000000f25c     0x10a3 Middlewares/ST/STM32_USB_Device_Library/Core/Src/usbd_ctlreq.o
 .debug_info    0x00000000000102ff      0xea3 Middlewares/ST/STM32_USB_Device_Library/Core/Src/usbd_ioreq.o
 .debug_info    0x00000000000111a2     0x13f2 Src/main.o
 .debug_info    0x0000000000012594      0xf01 Src/stm32f0xx_hal_msp.o
 .debug_info    0x0000000000013495     0x1045 Src/stm32f0xx_hal_timebase_tim.o
 .debug_info    0x00000000000144da     0x11f9 Src/stm32f0xx_it.o
 .debug_info    0x00000000000156d3      0xa60 Src/system_stm32f0xx.o
 .debug_info    0x0000000000016133      0xdeb Src/usb_device.o
 .debug_info    0x0000000000016f1e     0x1126 Src/usbd_cdc_if.o
 .debug_info    0x0000000000018044     0x1b57 Src/usbd_conf.o
 .debug_info    0x0000000000019b9b      0xc99 Src/usbd_desc.o
 .debug_info    0x000000000001a834      0xe24 Src/uv_led_driver.o
 .debug_info    0x000000000001b658       0x22 Startup/startup_stm32f042k6tx.o

.debug_abbrev   0x0000000000000000     0x3bb1
 .debug_abbrev  0x0000000000000000      0x26b Drivers/STM32F0xx_HAL_Driver/Src/stm32f0xx_hal.o
 .debug_abbrev  0x000000000000026b      0x314 Drivers/STM32F0xx_HAL_Driver/Src/stm32f0xx_hal_cortex.o
 .debug_abbrev  0x000000000000057f      0x2ce Drivers/STM32F0xx_HAL_Driver/Src/stm32f0xx_hal_flash.o
 .debug_abbrev  0x000000000000084d      0x2b0 Drivers/STM32F0xx_HAL_Driver/Src/stm32f0xx_hal_flash_ex.o
 .debug_abbrev  0x0000000000000afd      0x251 Drivers/STM32F0xx_HAL_Driver/Src/stm32f0xx_hal_gpio.o
 .debug_abbrev  0x0000000000000d4e      0x2ea Drivers/STM32F0xx_HAL_Driver/Src/stm32f0xx_hal_pcd.o
 .debug_abbrev  0x0000000000001038      0x1d1 Drivers/STM32F0xx_HAL_Driver/Src/stm32f0xx_hal_pcd_ex.o
 .debug_abbrev  0x0000000000001209      0x286 Drivers/STM32F0xx_HAL_Driver/Src/stm32f0xx_hal_rcc.o
 .debug_abbrev  0x000000000000148f      0x25a Drivers/STM32F0xx_HAL_Driver/Src/stm32f0xx_hal_rcc_ex.o
 .debug_abbrev  0x00000000000016e9      0x2b2 Drivers/STM32F0xx_HAL_Driver/Src/stm32f0xx_hal_tim.o
 .debug_abbrev  0x000000000000199b      0x28f Drivers/STM32F0xx_HAL_Driver/Src/stm32f0xx_hal_tim_ex.o
 .debug_abbrev  0x0000000000001c2a      0x29a Middlewares/ST/STM32_USB_Device_Library/Class/CDC/Src/usbd_cdc.o
 .debug_abbrev  0x0000000000001ec4      0x25a Middlewares/ST/STM32_USB_Device_Library/Core/Src/usbd_core.o
 .debug_abbrev  0x000000000000211e      0x28a Middlewares/ST/STM32_USB_Device_Library/Core/Src/usbd_ctlreq.o
 .debug_abbrev  0x00000000000023a8      0x1ca Middlewares/ST/STM32_USB_Device_Library/Core/Src/usbd_ioreq.o
 .debug_abbrev  0x0000000000002572      0x285 Src/main.o
 .debug_abbrev  0x00000000000027f7      0x1ff Src/stm32f0xx_hal_msp.o
 .debug_abbrev  0x00000000000029f6      0x20e Src/stm32f0xx_hal_timebase_tim.o
 .debug_abbrev  0x0000000000002c04      0x1d8 Src/stm32f0xx_it.o
 .debug_abbrev  0x0000000000002ddc      0x1cd Src/system_stm32f0xx.o
 .debug_abbrev  0x0000000000002fa9      0x1a8 Src/usb_device.o
 .debug_abbrev  0x0000000000003151      0x2a6 Src/usbd_cdc_if.o
 .debug_abbrev  0x00000000000033f7      0x2e2 Src/usbd_conf.o
 .debug_abbrev  0x00000000000036d9      0x289 Src/usbd_desc.o
 .debug_abbrev  0x0000000000003962      0x23d Src/uv_led_driver.o
 .debug_abbrev  0x0000000000003b9f       0x12 Startup/startup_stm32f042k6tx.o

.debug_aranges  0x0000000000000000      0xf80
 .debug_aranges
                0x0000000000000000       0xb8 Drivers/STM32F0xx_HAL_Driver/Src/stm32f0xx_hal.o
 .debug_aranges
                0x00000000000000b8       0xc0 Drivers/STM32F0xx_HAL_Driver/Src/stm32f0xx_hal_cortex.o
 .debug_aranges
                0x0000000000000178       0x88 Drivers/STM32F0xx_HAL_Driver/Src/stm32f0xx_hal_flash.o
 .debug_aranges
                0x0000000000000200       0x98 Drivers/STM32F0xx_HAL_Driver/Src/stm32f0xx_hal_flash_ex.o
 .debug_aranges
                0x0000000000000298       0x58 Drivers/STM32F0xx_HAL_Driver/Src/stm32f0xx_hal_gpio.o
 .debug_aranges
                0x00000000000002f0      0x130 Drivers/STM32F0xx_HAL_Driver/Src/stm32f0xx_hal_pcd.o
 .debug_aranges
                0x0000000000000420       0x20 Drivers/STM32F0xx_HAL_Driver/Src/stm32f0xx_hal_pcd_ex.o
 .debug_aranges
                0x0000000000000440       0x80 Drivers/STM32F0xx_HAL_Driver/Src/stm32f0xx_hal_rcc.o
 .debug_aranges
                0x00000000000004c0       0x78 Drivers/STM32F0xx_HAL_Driver/Src/stm32f0xx_hal_rcc_ex.o
 .debug_aranges
                0x0000000000000538      0x378 Drivers/STM32F0xx_HAL_Driver/Src/stm32f0xx_hal_tim.o
 .debug_aranges
                0x00000000000008b0      0x140 Drivers/STM32F0xx_HAL_Driver/Src/stm32f0xx_hal_tim_ex.o
 .debug_aranges
                0x00000000000009f0       0x90 Middlewares/ST/STM32_USB_Device_Library/Class/CDC/Src/usbd_cdc.o
 .debug_aranges
                0x0000000000000a80       0xb8 Middlewares/ST/STM32_USB_Device_Library/Core/Src/usbd_core.o
 .debug_aranges
                0x0000000000000b38       0x88 Middlewares/ST/STM32_USB_Device_Library/Core/Src/usbd_ctlreq.o
 .debug_aranges
                0x0000000000000bc0       0x50 Middlewares/ST/STM32_USB_Device_Library/Core/Src/usbd_ioreq.o
 .debug_aranges
                0x0000000000000c10       0x50 Src/main.o
 .debug_aranges
                0x0000000000000c60       0x30 Src/stm32f0xx_hal_msp.o
 .debug_aranges
                0x0000000000000c90       0x30 Src/stm32f0xx_hal_timebase_tim.o
 .debug_aranges
                0x0000000000000cc0       0x50 Src/stm32f0xx_it.o
 .debug_aranges
                0x0000000000000d10       0x28 Src/system_stm32f0xx.o
 .debug_aranges
                0x0000000000000d38       0x20 Src/usb_device.o
 .debug_aranges
                0x0000000000000d58       0x40 Src/usbd_cdc_if.o
 .debug_aranges
                0x0000000000000d98      0x118 Src/usbd_conf.o
 .debug_aranges
                0x0000000000000eb0       0x60 Src/usbd_desc.o
 .debug_aranges
                0x0000000000000f10       0x48 Src/uv_led_driver.o
 .debug_aranges
                0x0000000000000f58       0x28 Startup/startup_stm32f042k6tx.o

.debug_ranges   0x0000000000000000      0xde8
 .debug_ranges  0x0000000000000000       0xa8 Drivers/STM32F0xx_HAL_Driver/Src/stm32f0xx_hal.o
 .debug_ranges  0x00000000000000a8       0xb0 Drivers/STM32F0xx_HAL_Driver/Src/stm32f0xx_hal_cortex.o
 .debug_ranges  0x0000000000000158       0x78 Drivers/STM32F0xx_HAL_Driver/Src/stm32f0xx_hal_flash.o
 .debug_ranges  0x00000000000001d0       0x88 Drivers/STM32F0xx_HAL_Driver/Src/stm32f0xx_hal_flash_ex.o
 .debug_ranges  0x0000000000000258       0x48 Drivers/STM32F0xx_HAL_Driver/Src/stm32f0xx_hal_gpio.o
 .debug_ranges  0x00000000000002a0      0x120 Drivers/STM32F0xx_HAL_Driver/Src/stm32f0xx_hal_pcd.o
 .debug_ranges  0x00000000000003c0       0x10 Drivers/STM32F0xx_HAL_Driver/Src/stm32f0xx_hal_pcd_ex.o
 .debug_ranges  0x00000000000003d0       0x70 Drivers/STM32F0xx_HAL_Driver/Src/stm32f0xx_hal_rcc.o
 .debug_ranges  0x0000000000000440       0x68 Drivers/STM32F0xx_HAL_Driver/Src/stm32f0xx_hal_rcc_ex.o
 .debug_ranges  0x00000000000004a8      0x368 Drivers/STM32F0xx_HAL_Driver/Src/stm32f0xx_hal_tim.o
 .debug_ranges  0x0000000000000810      0x130 Drivers/STM32F0xx_HAL_Driver/Src/stm32f0xx_hal_tim_ex.o
 .debug_ranges  0x0000000000000940       0x80 Middlewares/ST/STM32_USB_Device_Library/Class/CDC/Src/usbd_cdc.o
 .debug_ranges  0x00000000000009c0       0xa8 Middlewares/ST/STM32_USB_Device_Library/Core/Src/usbd_core.o
 .debug_ranges  0x0000000000000a68       0x78 Middlewares/ST/STM32_USB_Device_Library/Core/Src/usbd_ctlreq.o
 .debug_ranges  0x0000000000000ae0       0x40 Middlewares/ST/STM32_USB_Device_Library/Core/Src/usbd_ioreq.o
 .debug_ranges  0x0000000000000b20       0x40 Src/main.o
 .debug_ranges  0x0000000000000b60       0x20 Src/stm32f0xx_hal_msp.o
 .debug_ranges  0x0000000000000b80       0x20 Src/stm32f0xx_hal_timebase_tim.o
 .debug_ranges  0x0000000000000ba0       0x40 Src/stm32f0xx_it.o
 .debug_ranges  0x0000000000000be0       0x18 Src/system_stm32f0xx.o
 .debug_ranges  0x0000000000000bf8       0x10 Src/usb_device.o
 .debug_ranges  0x0000000000000c08       0x30 Src/usbd_cdc_if.o
 .debug_ranges  0x0000000000000c38      0x108 Src/usbd_conf.o
 .debug_ranges  0x0000000000000d40       0x50 Src/usbd_desc.o
 .debug_ranges  0x0000000000000d90       0x38 Src/uv_led_driver.o
 .debug_ranges  0x0000000000000dc8       0x20 Startup/startup_stm32f042k6tx.o

.debug_macro    0x0000000000000000    0x19478
 .debug_macro   0x0000000000000000      0x331 Drivers/STM32F0xx_HAL_Driver/Src/stm32f0xx_hal.o
 .debug_macro   0x0000000000000331      0xa48 Drivers/STM32F0xx_HAL_Driver/Src/stm32f0xx_hal.o
 .debug_macro   0x0000000000000d79       0xb1 Drivers/STM32F0xx_HAL_Driver/Src/stm32f0xx_hal.o
 .debug_macro   0x0000000000000e2a       0x2e Drivers/STM32F0xx_HAL_Driver/Src/stm32f0xx_hal.o
 .debug_macro   0x0000000000000e58       0x22 Drivers/STM32F0xx_HAL_Driver/Src/stm32f0xx_hal.o
 .debug_macro   0x0000000000000e7a       0x22 Drivers/STM32F0xx_HAL_Driver/Src/stm32f0xx_hal.o
 .debug_macro   0x0000000000000e9c       0x8e Drivers/STM32F0xx_HAL_Driver/Src/stm32f0xx_hal.o
 .debug_macro   0x0000000000000f2a       0x51 Drivers/STM32F0xx_HAL_Driver/Src/stm32f0xx_hal.o
 .debug_macro   0x0000000000000f7b       0xef Drivers/STM32F0xx_HAL_Driver/Src/stm32f0xx_hal.o
 .debug_macro   0x000000000000106a       0x6a Drivers/STM32F0xx_HAL_Driver/Src/stm32f0xx_hal.o
 .debug_macro   0x00000000000010d4      0x1df Drivers/STM32F0xx_HAL_Driver/Src/stm32f0xx_hal.o
 .debug_macro   0x00000000000012b3       0x34 Drivers/STM32F0xx_HAL_Driver/Src/stm32f0xx_hal.o
 .debug_macro   0x00000000000012e7       0x26 Drivers/STM32F0xx_HAL_Driver/Src/stm32f0xx_hal.o
 .debug_macro   0x000000000000130d      0x30d Drivers/STM32F0xx_HAL_Driver/Src/stm32f0xx_hal.o
 .debug_macro   0x000000000000161a     0xf1ed Drivers/STM32F0xx_HAL_Driver/Src/stm32f0xx_hal.o
 .debug_macro   0x0000000000010807       0x3c Drivers/STM32F0xx_HAL_Driver/Src/stm32f0xx_hal.o
 .debug_macro   0x0000000000010843       0x46 Drivers/STM32F0xx_HAL_Driver/Src/stm32f0xx_hal.o
 .debug_macro   0x0000000000010889       0x18 Drivers/STM32F0xx_HAL_Driver/Src/stm32f0xx_hal.o
 .debug_macro   0x00000000000108a1       0x3c Drivers/STM32F0xx_HAL_Driver/Src/stm32f0xx_hal.o
 .debug_macro   0x00000000000108dd       0x34 Drivers/STM32F0xx_HAL_Driver/Src/stm32f0xx_hal.o
 .debug_macro   0x0000000000010911       0x16 Drivers/STM32F0xx_HAL_Driver/Src/stm32f0xx_hal.o
 .debug_macro   0x0000000000010927       0x97 Drivers/STM32F0xx_HAL_Driver/Src/stm32f0xx_hal.o
 .debug_macro   0x00000000000109be      0x330 Drivers/STM32F0xx_HAL_Driver/Src/stm32f0xx_hal.o
 .debug_macro   0x0000000000010cee       0xfd Drivers/STM32F0xx_HAL_Driver/Src/stm32f0xx_hal.o
 .debug_macro   0x0000000000010deb       0x10 Drivers/STM32F0xx_HAL_Driver/Src/stm32f0xx_hal.o
 .debug_macro   0x0000000000010dfb       0x52 Drivers/STM32F0xx_HAL_Driver/Src/stm32f0xx_hal.o
 .debug_macro   0x0000000000010e4d       0x1f Drivers/STM32F0xx_HAL_Driver/Src/stm32f0xx_hal.o
 .debug_macro   0x0000000000010e6c       0x43 Drivers/STM32F0xx_HAL_Driver/Src/stm32f0xx_hal.o
 .debug_macro   0x0000000000010eaf       0x20 Drivers/STM32F0xx_HAL_Driver/Src/stm32f0xx_hal.o
 .debug_macro   0x0000000000010ecf      0x1a3 Drivers/STM32F0xx_HAL_Driver/Src/stm32f0xx_hal.o
 .debug_macro   0x0000000000011072       0x10 Drivers/STM32F0xx_HAL_Driver/Src/stm32f0xx_hal.o
 .debug_macro   0x0000000000011082       0x1c Drivers/STM32F0xx_HAL_Driver/Src/stm32f0xx_hal.o
 .debug_macro   0x000000000001109e       0x52 Drivers/STM32F0xx_HAL_Driver/Src/stm32f0xx_hal.o
 .debug_macro   0x00000000000110f0       0x40 Drivers/STM32F0xx_HAL_Driver/Src/stm32f0xx_hal.o
 .debug_macro   0x0000000000011130       0x10 Drivers/STM32F0xx_HAL_Driver/Src/stm32f0xx_hal.o
 .debug_macro   0x0000000000011140       0x40 Drivers/STM32F0xx_HAL_Driver/Src/stm32f0xx_hal.o
 .debug_macro   0x0000000000011180       0xd7 Drivers/STM32F0xx_HAL_Driver/Src/stm32f0xx_hal.o
 .debug_macro   0x0000000000011257       0x1c Drivers/STM32F0xx_HAL_Driver/Src/stm32f0xx_hal.o
 .debug_macro   0x0000000000011273       0x3d Drivers/STM32F0xx_HAL_Driver/Src/stm32f0xx_hal.o
 .debug_macro   0x00000000000112b0       0x16 Drivers/STM32F0xx_HAL_Driver/Src/stm32f0xx_hal.o
 .debug_macro   0x00000000000112c6      0x145 Drivers/STM32F0xx_HAL_Driver/Src/stm32f0xx_hal.o
 .debug_macro   0x000000000001140b       0x50 Drivers/STM32F0xx_HAL_Driver/Src/stm32f0xx_hal.o
 .debug_macro   0x000000000001145b      0x951 Drivers/STM32F0xx_HAL_Driver/Src/stm32f0xx_hal.o
 .debug_macro   0x0000000000011dac      0x46b Drivers/STM32F0xx_HAL_Driver/Src/stm32f0xx_hal.o
 .debug_macro   0x0000000000012217      0x13a Drivers/STM32F0xx_HAL_Driver/Src/stm32f0xx_hal.o
 .debug_macro   0x0000000000012351      0x130 Drivers/STM32F0xx_HAL_Driver/Src/stm32f0xx_hal.o
 .debug_macro   0x0000000000012481      0x1ed Drivers/STM32F0xx_HAL_Driver/Src/stm32f0xx_hal.o
 .debug_macro   0x000000000001266e       0x34 Drivers/STM32F0xx_HAL_Driver/Src/stm32f0xx_hal.o
 .debug_macro   0x00000000000126a2       0x43 Drivers/STM32F0xx_HAL_Driver/Src/stm32f0xx_hal.o
 .debug_macro   0x00000000000126e5       0x28 Drivers/STM32F0xx_HAL_Driver/Src/stm32f0xx_hal.o
 .debug_macro   0x000000000001270d       0xb6 Drivers/STM32F0xx_HAL_Driver/Src/stm32f0xx_hal.o
 .debug_macro   0x00000000000127c3      0x182 Drivers/STM32F0xx_HAL_Driver/Src/stm32f0xx_hal.o
 .debug_macro   0x0000000000012945      0x202 Drivers/STM32F0xx_HAL_Driver/Src/stm32f0xx_hal.o
 .debug_macro   0x0000000000012b47       0x61 Drivers/STM32F0xx_HAL_Driver/Src/stm32f0xx_hal.o
 .debug_macro   0x0000000000012ba8       0x90 Drivers/STM32F0xx_HAL_Driver/Src/stm32f0xx_hal.o
 .debug_macro   0x0000000000012c38      0x265 Drivers/STM32F0xx_HAL_Driver/Src/stm32f0xx_hal.o
 .debug_macro   0x0000000000012e9d       0x4d Drivers/STM32F0xx_HAL_Driver/Src/stm32f0xx_hal.o
 .debug_macro   0x0000000000012eea      0x161 Drivers/STM32F0xx_HAL_Driver/Src/stm32f0xx_hal.o
 .debug_macro   0x000000000001304b      0x845 Drivers/STM32F0xx_HAL_Driver/Src/stm32f0xx_hal.o
 .debug_macro   0x0000000000013890       0x45 Drivers/STM32F0xx_HAL_Driver/Src/stm32f0xx_hal.o
 .debug_macro   0x00000000000138d5      0x127 Drivers/STM32F0xx_HAL_Driver/Src/stm32f0xx_hal.o
 .debug_macro   0x00000000000139fc      0x30d Drivers/STM32F0xx_HAL_Driver/Src/stm32f0xx_hal_cortex.o
 .debug_macro   0x0000000000013d09      0x30d Drivers/STM32F0xx_HAL_Driver/Src/stm32f0xx_hal_flash.o
 .debug_macro   0x0000000000014016      0x31f Drivers/STM32F0xx_HAL_Driver/Src/stm32f0xx_hal_flash_ex.o
 .debug_macro   0x0000000000014335      0x345 Drivers/STM32F0xx_HAL_Driver/Src/stm32f0xx_hal_gpio.o
 .debug_macro   0x000000000001467a      0x313 Drivers/STM32F0xx_HAL_Driver/Src/stm32f0xx_hal_pcd.o
 .debug_macro   0x000000000001498d      0x30d Drivers/STM32F0xx_HAL_Driver/Src/stm32f0xx_hal_pcd_ex.o
 .debug_macro   0x0000000000014c9a      0x31f Drivers/STM32F0xx_HAL_Driver/Src/stm32f0xx_hal_rcc.o
 .debug_macro   0x0000000000014fb9      0x31f Drivers/STM32F0xx_HAL_Driver/Src/stm32f0xx_hal_rcc_ex.o
 .debug_macro   0x00000000000152d8      0x30d Drivers/STM32F0xx_HAL_Driver/Src/stm32f0xx_hal_tim.o
 .debug_macro   0x00000000000155e5      0x30d Drivers/STM32F0xx_HAL_Driver/Src/stm32f0xx_hal_tim_ex.o
 .debug_macro   0x00000000000158f2      0x3e6 Middlewares/ST/STM32_USB_Device_Library/Class/CDC/Src/usbd_cdc.o
 .debug_macro   0x0000000000015cd8       0x40 Middlewares/ST/STM32_USB_Device_Library/Class/CDC/Src/usbd_cdc.o
 .debug_macro   0x0000000000015d18       0x94 Middlewares/ST/STM32_USB_Device_Library/Class/CDC/Src/usbd_cdc.o
 .debug_macro   0x0000000000015dac       0x57 Middlewares/ST/STM32_USB_Device_Library/Class/CDC/Src/usbd_cdc.o
 .debug_macro   0x0000000000015e03       0x16 Middlewares/ST/STM32_USB_Device_Library/Class/CDC/Src/usbd_cdc.o
 .debug_macro   0x0000000000015e19       0x35 Middlewares/ST/STM32_USB_Device_Library/Class/CDC/Src/usbd_cdc.o
 .debug_macro   0x0000000000015e4e       0x16 Middlewares/ST/STM32_USB_Device_Library/Class/CDC/Src/usbd_cdc.o
 .debug_macro   0x0000000000015e64       0x29 Middlewares/ST/STM32_USB_Device_Library/Class/CDC/Src/usbd_cdc.o
 .debug_macro   0x0000000000015e8d       0x16 Middlewares/ST/STM32_USB_Device_Library/Class/CDC/Src/usbd_cdc.o
 .debug_macro   0x0000000000015ea3       0x20 Middlewares/ST/STM32_USB_Device_Library/Class/CDC/Src/usbd_cdc.o
 .debug_macro   0x0000000000015ec3      0x15a Middlewares/ST/STM32_USB_Device_Library/Class/CDC/Src/usbd_cdc.o
 .debug_macro   0x000000000001601d       0x65 Middlewares/ST/STM32_USB_Device_Library/Class/CDC/Src/usbd_cdc.o
 .debug_macro   0x0000000000016082      0x1c3 Middlewares/ST/STM32_USB_Device_Library/Class/CDC/Src/usbd_cdc.o
 .debug_macro   0x0000000000016245       0x83 Middlewares/ST/STM32_USB_Device_Library/Class/CDC/Src/usbd_cdc.o
 .debug_macro   0x00000000000162c8       0x1c Middlewares/ST/STM32_USB_Device_Library/Class/CDC/Src/usbd_cdc.o
 .debug_macro   0x00000000000162e4      0x3ba Middlewares/ST/STM32_USB_Device_Library/Core/Src/usbd_core.o
 .debug_macro   0x000000000001669e      0x1c9 Middlewares/ST/STM32_USB_Device_Library/Core/Src/usbd_core.o
 .debug_macro   0x0000000000016867      0x3c4 Middlewares/ST/STM32_USB_Device_Library/Core/Src/usbd_ctlreq.o
 .debug_macro   0x0000000000016c2b      0x3c0 Middlewares/ST/STM32_USB_Device_Library/Core/Src/usbd_ioreq.o
 .debug_macro   0x0000000000016feb      0x3ca Src/main.o
 .debug_macro   0x00000000000173b5      0x31c Src/stm32f0xx_hal_msp.o
 .debug_macro   0x00000000000176d1      0x30d Src/stm32f0xx_hal_timebase_tim.o
 .debug_macro   0x00000000000179de      0x326 Src/stm32f0xx_it.o
 .debug_macro   0x0000000000017d04      0x30d Src/system_stm32f0xx.o
 .debug_macro   0x0000000000018011      0x3f4 Src/usb_device.o
 .debug_macro   0x0000000000018405      0x160 Src/usb_device.o
 .debug_macro   0x0000000000018565       0x22 Src/usb_device.o
 .debug_macro   0x0000000000018587      0x3fd Src/usbd_cdc_if.o
 .debug_macro   0x0000000000018984      0x3d7 Src/usbd_conf.o
 .debug_macro   0x0000000000018d5b      0x3f7 Src/usbd_desc.o
 .debug_macro   0x0000000000019152      0x326 Src/uv_led_driver.o

.debug_line     0x0000000000000000    0x10e9f
 .debug_line    0x0000000000000000      0x995 Drivers/STM32F0xx_HAL_Driver/Src/stm32f0xx_hal.o
 .debug_line    0x0000000000000995      0x9e7 Drivers/STM32F0xx_HAL_Driver/Src/stm32f0xx_hal_cortex.o
 .debug_line    0x000000000000137c      0x9e1 Drivers/STM32F0xx_HAL_Driver/Src/stm32f0xx_hal_flash.o
 .debug_line    0x0000000000001d5d      0xa1f Drivers/STM32F0xx_HAL_Driver/Src/stm32f0xx_hal_flash_ex.o
 .debug_line    0x000000000000277c      0x988 Drivers/STM32F0xx_HAL_Driver/Src/stm32f0xx_hal_gpio.o
 .debug_line    0x0000000000003104      0xef3 Drivers/STM32F0xx_HAL_Driver/Src/stm32f0xx_hal_pcd.o
 .debug_line    0x0000000000003ff7      0x83a Drivers/STM32F0xx_HAL_Driver/Src/stm32f0xx_hal_pcd_ex.o
 .debug_line    0x0000000000004831      0xaa7 Drivers/STM32F0xx_HAL_Driver/Src/stm32f0xx_hal_rcc.o
 .debug_line    0x00000000000052d8      0xa47 Drivers/STM32F0xx_HAL_Driver/Src/stm32f0xx_hal_rcc_ex.o
 .debug_line    0x0000000000005d1f     0x1a79 Drivers/STM32F0xx_HAL_Driver/Src/stm32f0xx_hal_tim.o
 .debug_line    0x0000000000007798      0xe1c Drivers/STM32F0xx_HAL_Driver/Src/stm32f0xx_hal_tim_ex.o
 .debug_line    0x00000000000085b4      0xadc Middlewares/ST/STM32_USB_Device_Library/Class/CDC/Src/usbd_cdc.o
 .debug_line    0x0000000000009090      0xaf7 Middlewares/ST/STM32_USB_Device_Library/Core/Src/usbd_core.o
 .debug_line    0x0000000000009b87      0xb42 Middlewares/ST/STM32_USB_Device_Library/Core/Src/usbd_ctlreq.o
 .debug_line    0x000000000000a6c9      0x992 Middlewares/ST/STM32_USB_Device_Library/Core/Src/usbd_ioreq.o
 .debug_line    0x000000000000b05b      0x9a6 Src/main.o
 .debug_line    0x000000000000ba01      0x842 Src/stm32f0xx_hal_msp.o
 .debug_line    0x000000000000c243      0x850 Src/stm32f0xx_hal_timebase_tim.o
 .debug_line    0x000000000000ca93      0x893 Src/stm32f0xx_it.o
 .debug_line    0x000000000000d326      0x84c Src/system_stm32f0xx.o
 .debug_line    0x000000000000db72      0x969 Src/usb_device.o
 .debug_line    0x000000000000e4db      0x9f2 Src/usbd_cdc_if.o
 .debug_line    0x000000000000eecd      0xbbd Src/usbd_conf.o
 .debug_line    0x000000000000fa8a      0x9bb Src/usbd_desc.o
 .debug_line    0x0000000000010445      0x9c3 Src/uv_led_driver.o
 .debug_line    0x0000000000010e08       0x97 Startup/startup_stm32f042k6tx.o

.debug_str      0x0000000000000000    0x7680d
 .debug_str     0x0000000000000000    0x71313 Drivers/STM32F0xx_HAL_Driver/Src/stm32f0xx_hal.o
                                      0x715ef (size before relaxing)
 .debug_str     0x0000000000071313      0x220 Drivers/STM32F0xx_HAL_Driver/Src/stm32f0xx_hal_cortex.o
                                      0x714d9 (size before relaxing)
 .debug_str     0x0000000000071533      0x2bb Drivers/STM32F0xx_HAL_Driver/Src/stm32f0xx_hal_flash.o
                                      0x713c6 (size before relaxing)
 .debug_str     0x00000000000717ee      0x2f8 Drivers/STM32F0xx_HAL_Driver/Src/stm32f0xx_hal_flash_ex.o
                                      0x71519 (size before relaxing)
 .debug_str     0x0000000000071ae6      0x288 Drivers/STM32F0xx_HAL_Driver/Src/stm32f0xx_hal_gpio.o
                                      0x713ad (size before relaxing)
 .debug_str     0x0000000000071d6e      0x650 Drivers/STM32F0xx_HAL_Driver/Src/stm32f0xx_hal_pcd.o
                                      0x71783 (size before relaxing)
 .debug_str     0x00000000000723be       0x57 Drivers/STM32F0xx_HAL_Driver/Src/stm32f0xx_hal_pcd_ex.o
                                      0x713d9 (size before relaxing)
 .debug_str     0x0000000000072415      0x350 Drivers/STM32F0xx_HAL_Driver/Src/stm32f0xx_hal_rcc.o
                                      0x714f5 (size before relaxing)
 .debug_str     0x0000000000072765      0x394 Drivers/STM32F0xx_HAL_Driver/Src/stm32f0xx_hal_rcc_ex.o
                                      0x714e8 (size before relaxing)
 .debug_str     0x0000000000072af9     0x107c Drivers/STM32F0xx_HAL_Driver/Src/stm32f0xx_hal_tim.o
                                      0x72206 (size before relaxing)
 .debug_str     0x0000000000073b75      0x543 Drivers/STM32F0xx_HAL_Driver/Src/stm32f0xx_hal_tim_ex.o
                                      0x71a73 (size before relaxing)
 .debug_str     0x00000000000740b8     0x1b2a Middlewares/ST/STM32_USB_Device_Library/Class/CDC/Src/usbd_cdc.o
                                      0x72c68 (size before relaxing)
 .debug_str     0x0000000000075be2      0x1bc Middlewares/ST/STM32_USB_Device_Library/Core/Src/usbd_core.o
                                      0x7285f (size before relaxing)
 .debug_str     0x0000000000075d9e      0x134 Middlewares/ST/STM32_USB_Device_Library/Core/Src/usbd_ctlreq.o
                                      0x727e5 (size before relaxing)
 .debug_str     0x0000000000075ed2       0xc9 Middlewares/ST/STM32_USB_Device_Library/Core/Src/usbd_ioreq.o
                                      0x7276d (size before relaxing)
 .debug_str     0x0000000000075f9b      0x14b Src/main.o
                                      0x72b3c (size before relaxing)
 .debug_str     0x00000000000760e6       0x25 Src/stm32f0xx_hal_msp.o
                                      0x71cba (size before relaxing)
 .debug_str     0x000000000007610b       0x50 Src/stm32f0xx_hal_timebase_tim.o
                                      0x71716 (size before relaxing)
 .debug_str     0x000000000007615b       0xab Src/stm32f0xx_it.o
                                      0x71f57 (size before relaxing)
 .debug_str     0x0000000000076206       0x3b Src/system_stm32f0xx.o
                                      0x71106 (size before relaxing)
 .debug_str     0x0000000000076241       0x5e Src/usb_device.o
                                      0x72a5d (size before relaxing)
 .debug_str     0x000000000007629f       0xb7 Src/usbd_cdc_if.o
                                      0x72b6e (size before relaxing)
 .debug_str     0x0000000000076356      0x16e Src/usbd_conf.o
                                      0x73161 (size before relaxing)
 .debug_str     0x00000000000764c4      0x245 Src/usbd_desc.o
                                      0x726cd (size before relaxing)
 .debug_str     0x0000000000076709       0xd3 Src/uv_led_driver.o
                                      0x71a4c (size before relaxing)
 .debug_str     0x00000000000767dc       0x31 Startup/startup_stm32f042k6tx.o
                                         0x68 (size before relaxing)

.comment        0x0000000000000000       0x7b
 .comment       0x0000000000000000       0x7b Drivers/STM32F0xx_HAL_Driver/Src/stm32f0xx_hal.o
                                         0x7c (size before relaxing)
 .comment       0x000000000000007b       0x7c Drivers/STM32F0xx_HAL_Driver/Src/stm32f0xx_hal_cortex.o
 .comment       0x000000000000007b       0x7c Drivers/STM32F0xx_HAL_Driver/Src/stm32f0xx_hal_flash.o
 .comment       0x000000000000007b       0x7c Drivers/STM32F0xx_HAL_Driver/Src/stm32f0xx_hal_flash_ex.o
 .comment       0x000000000000007b       0x7c Drivers/STM32F0xx_HAL_Driver/Src/stm32f0xx_hal_gpio.o
 .comment       0x000000000000007b       0x7c Drivers/STM32F0xx_HAL_Driver/Src/stm32f0xx_hal_pcd.o
 .comment       0x000000000000007b       0x7c Drivers/STM32F0xx_HAL_Driver/Src/stm32f0xx_hal_pcd_ex.o
 .comment       0x000000000000007b       0x7c Drivers/STM32F0xx_HAL_Driver/Src/stm32f0xx_hal_rcc.o
 .comment       0x000000000000007b       0x7c Drivers/STM32F0xx_HAL_Driver/Src/stm32f0xx_hal_rcc_ex.o
 .comment       0x000000000000007b       0x7c Drivers/STM32F0xx_HAL_Driver/Src/stm32f0xx_hal_tim.o
 .comment       0x000000000000007b       0x7c Drivers/STM32F0xx_HAL_Driver/Src/stm32f0xx_hal_tim_ex.o
 .comment       0x000000000000007b       0x7c Middlewares/ST/STM32_USB_Device_Library/Class/CDC/Src/usbd_cdc.o
 .comment       0x000000000000007b       0x7c Middlewares/ST/STM32_USB_Device_Library/Core/Src/usbd_core.o
 .comment       0x000000000000007b       0x7c Middlewares/ST/STM32_USB_Device_Library/Core/Src/usbd_ctlreq.o
 .comment       0x000000000000007b       0x7c Middlewares/ST/STM32_USB_Device_Library/Core/Src/usbd_ioreq.o
 .comment       0x000000000000007b       0x7c Src/main.o
 .comment       0x000000000000007b       0x7c Src/stm32f0xx_hal_msp.o
 .comment       0x000000000000007b       0x7c Src/stm32f0xx_hal_timebase_tim.o
 .comment       0x000000000000007b       0x7c Src/stm32f0xx_it.o
 .comment       0x000000000000007b       0x7c Src/system_stm32f0xx.o
 .comment       0x000000000000007b       0x7c Src/usb_device.o
 .comment       0x000000000000007b       0x7c Src/usbd_cdc_if.o
 .comment       0x000000000000007b       0x7c Src/usbd_conf.o
 .comment       0x000000000000007b       0x7c Src/usbd_desc.o
 .comment       0x000000000000007b       0x7c Src/uv_led_driver.o

.debug_frame    0x0000000000000000     0x3584
 .debug_frame   0x0000000000000000      0x248 Drivers/STM32F0xx_HAL_Driver/Src/stm32f0xx_hal.o
 .debug_frame   0x0000000000000248      0x2a0 Drivers/STM32F0xx_HAL_Driver/Src/stm32f0xx_hal_cortex.o
 .debug_frame   0x00000000000004e8      0x1c4 Drivers/STM32F0xx_HAL_Driver/Src/stm32f0xx_hal_flash.o
 .debug_frame   0x00000000000006ac      0x220 Drivers/STM32F0xx_HAL_Driver/Src/stm32f0xx_hal_flash_ex.o
 .debug_frame   0x00000000000008cc      0x110 Drivers/STM32F0xx_HAL_Driver/Src/stm32f0xx_hal_gpio.o
 .debug_frame   0x00000000000009dc      0x470 Drivers/STM32F0xx_HAL_Driver/Src/stm32f0xx_hal_pcd.o
 .debug_frame   0x0000000000000e4c       0x30 Drivers/STM32F0xx_HAL_Driver/Src/stm32f0xx_hal_pcd_ex.o
 .debug_frame   0x0000000000000e7c      0x194 Drivers/STM32F0xx_HAL_Driver/Src/stm32f0xx_hal_rcc.o
 .debug_frame   0x0000000000001010      0x180 Drivers/STM32F0xx_HAL_Driver/Src/stm32f0xx_hal_rcc_ex.o
 .debug_frame   0x0000000000001190      0xd94 Drivers/STM32F0xx_HAL_Driver/Src/stm32f0xx_hal_tim.o
 .debug_frame   0x0000000000001f24      0x4b0 Drivers/STM32F0xx_HAL_Driver/Src/stm32f0xx_hal_tim_ex.o
 .debug_frame   0x00000000000023d4      0x1f0 Middlewares/ST/STM32_USB_Device_Library/Class/CDC/Src/usbd_cdc.o
 .debug_frame   0x00000000000025c4      0x290 Middlewares/ST/STM32_USB_Device_Library/Core/Src/usbd_core.o
 .debug_frame   0x0000000000002854      0x1d0 Middlewares/ST/STM32_USB_Device_Library/Core/Src/usbd_ctlreq.o
 .debug_frame   0x0000000000002a24       0xf0 Middlewares/ST/STM32_USB_Device_Library/Core/Src/usbd_ioreq.o
 .debug_frame   0x0000000000002b14       0xe8 Src/main.o
 .debug_frame   0x0000000000002bfc       0x70 Src/stm32f0xx_hal_msp.o
 .debug_frame   0x0000000000002c6c       0x68 Src/stm32f0xx_hal_timebase_tim.o
 .debug_frame   0x0000000000002cd4       0xd4 Src/stm32f0xx_it.o
 .debug_frame   0x0000000000002da8       0x4c Src/system_stm32f0xx.o
 .debug_frame   0x0000000000002df4       0x2c Src/usb_device.o
 .debug_frame   0x0000000000002e20       0xac Src/usbd_cdc_if.o
 .debug_frame   0x0000000000002ecc      0x438 Src/usbd_conf.o
 .debug_frame   0x0000000000003304      0x130 Src/usbd_desc.o
 .debug_frame   0x0000000000003434       0xe4 Src/uv_led_driver.o
 .debug_frame   0x0000000000003518       0x2c /opt/st/stm32cubeide_1.3.0/plugins/com.st.stm32cube.ide.mcu.externaltools.gnu-tools-for-stm32.7-2018-q2-update.linux64_1.0.0.201904181610/tools/bin/../lib/gcc/arm-none-eabi/7.3.1/../../../../arm-none-eabi/lib/thumb/v6-m/libc_nano.a(lib_a-init.o)
 .debug_frame   0x0000000000003544       0x20 /opt/st/stm32cubeide_1.3.0/plugins/com.st.stm32cube.ide.mcu.externaltools.gnu-tools-for-stm32.7-2018-q2-update.linux64_1.0.0.201904181610/tools/bin/../lib/gcc/arm-none-eabi/7.3.1/../../../../arm-none-eabi/lib/thumb/v6-m/libc_nano.a(lib_a-memset.o)
 .debug_frame   0x0000000000003564       0x20 /opt/st/stm32cubeide_1.3.0/plugins/com.st.stm32cube.ide.mcu.externaltools.gnu-tools-for-stm32.7-2018-q2-update.linux64_1.0.0.201904181610/tools/bin/../lib/gcc/arm-none-eabi/7.3.1/thumb/v6-m/libgcc.a(_udivsi3.o)
