main.c:85:5:main	8	static
main.c:142:6:SystemClock_Config	112	static
main.c:183:13:MX_TIM3_Init	32	static
main.c:228:13:MX_USART1_UART_Init	8	static
main.c:265:13:MX_DMA_Init	16	static
main.c:283:13:MX_GPIO_Init	48	static
main.c:329:6:USART1_IRQHandler	8	static
main.c:340:6:USER_UART_IRQHandler	16	static
main.c:356:6:USAR_UART_IDLECallback	16	static
main.c:370:6:HAL_DMA1_Channel2_3_IRQHandler	8	static
main.c:375:6:HAL_GPIO_EXTI_Callback	16	static
main.c:393:6:HAL_TIM_PeriodElapsedCallback	24	static
main.c:422:6:process_uart_message	312	static
main.c:519:6:Error_Handler	8	static
